IQ-TREE multicore version 2.4.0 for MacOS Intel 64-bit built Feb  7 2025
Developed by Bui Quang Minh, Nguyen Lam Tung, Olga Chernomor, Heiko Schmidt,
Dominik Schrempf, Michael Woodhams, Ly Trong Nhan, Thomas Wong

Host:    sc-sbs-383386 (AVX512, FMA3, 32 GB RAM)
Command: /Users/mful870/Bioinformatics_Programs/iqtree-2.4.0-macOS/bin/iqtree2 -s /Users/mful870/Desktop/Structuring_Prot_Universe/Reduced_100set_Pruned56/a_35_1/Crystal_Tree/AU/crystal_aa.fa -z /Users/mful870/Desktop/Structuring_Prot_Universe/Reduced_100set_Pruned56/a_35_1/Crystal_Tree/AU/AA_plus_TDIboots.tre -n 0 -zb 10000 -zw -au -redo
Seed:    673683 (Using SPRNG - Scalable Parallel Random Number Generator)
Time:    Mon Jun  9 11:13:20 2025
Kernel:  AVX+FMA - 1 threads (16 CPU cores detected)

HINT: Use -nt option to specify number of threads because your CPU has 16 cores!
HINT: -nt AUTO will automatically determine the best number of threads to use.

Reading alignment file /Users/mful870/Desktop/Structuring_Prot_Universe/Reduced_100set_Pruned56/a_35_1/Crystal_Tree/AU/crystal_aa.fa ... Fasta format detected
Reading fasta file: done in 0.000196934 secs using 86.83% CPU
Alignment most likely contains protein sequences
Alignment has 32 sequences with 241 columns, 231 distinct patterns
121 parsimony-informative, 75 singleton sites, 45 constant sites
WARNING: Some sequence names are changed as follows:
a_35_1_3+1b0n_A -> a_35_1_3_1b0n_A
a_35_1_3+2ofy_A -> a_35_1_3_2ofy_A
a_35_1_6+2ox6_A -> a_35_1_6_2ox6_A
a_35_1_0+2pij_A -> a_35_1_0_2pij_A
a_35_1_13+2o38_A -> a_35_1_13_2o38_A
a_35_1_2+1d1m_B -> a_35_1_2_1d1m_B
a_35_1_2+2a63_A -> a_35_1_2_2a63_A
a_35_1_0+2xsd_C -> a_35_1_0_2xsd_C
a_35_1_1+1e3o_C -> a_35_1_1_1e3o_C
a_35_1_1+1au7_A -> a_35_1_1_1au7_A
a_35_1_7+1s7e_A -> a_35_1_7_1s7e_A
a_35_1_7+1yse_A -> a_35_1_7_1yse_A
a_35_1_0+3vk0_A -> a_35_1_0_3vk0_A
a_35_1_3+1utx_A -> a_35_1_3_1utx_A
a_35_1_3+1y7y_A -> a_35_1_3_1y7y_A
a_35_1_3+2b5a_A -> a_35_1_3_2b5a_A
a_35_1_0+3clc_A -> a_35_1_0_3clc_A
a_35_1_0+5woq_A -> a_35_1_0_5woq_A
a_35_1_0+2l8n_A -> a_35_1_0_2l8n_A
a_35_1_2+1lli_A -> a_35_1_2_1lli_A
a_35_1_2+3kz3_A -> a_35_1_2_3kz3_A
a_35_1_2+1neq_A -> a_35_1_2_1neq_A
a_35_1_2+1sq8_A -> a_35_1_2_1sq8_A
a_35_1_2+2r63_A -> a_35_1_2_2r63_A
a_35_1_2+1zug_A -> a_35_1_2_1zug_A
a_35_1_2+3jxb_C -> a_35_1_2_3jxb_C
a_35_1_3+2ppx_A -> a_35_1_3_2ppx_A
a_35_1_5+1uxc_A -> a_35_1_5_1uxc_A
a_35_1_3+2icp_A -> a_35_1_3_2icp_A
a_35_1_3+4mct_A -> a_35_1_3_4mct_A
a_35_1_0+2eby_A -> a_35_1_0_2eby_A
a_35_1_2+1rzs_A -> a_35_1_2_1rzs_A

                  Gap/Ambiguity  Composition  p-value
Analyzing sequences: done in 1.90735e-05 secs using 89.13% CPU
   1  a_35_1_3_1b0n_A    57.26%    passed     58.59%
   2  a_35_1_3_2ofy_A    65.98%    passed      7.78%
   3  a_35_1_6_2ox6_A    32.78%    passed     84.37%
   4  a_35_1_0_2pij_A    75.52%    passed     95.63%
   5  a_35_1_13_2o38_A   63.07%    passed     39.46%
   6  a_35_1_2_1d1m_B    73.03%    passed     94.64%
   7  a_35_1_2_2a63_A    72.61%    passed     88.62%
   8  a_35_1_0_2xsd_C    46.89%    passed     21.81%
   9  a_35_1_1_1e3o_C    45.23%    passed     35.75%
  10  a_35_1_1_1au7_A    46.06%    passed     37.14%
  11  a_35_1_7_1s7e_A    39.00%    passed     46.39%
  12  a_35_1_7_1yse_A    63.49%    passed     93.27%
  13  a_35_1_0_3vk0_A    63.07%    passed     87.89%
  14  a_35_1_3_1utx_A    72.61%    passed     27.11%
  15  a_35_1_3_1y7y_A    71.37%    passed     73.56%
  16  a_35_1_3_2b5a_A    68.05%    passed     58.09%
  17  a_35_1_0_3clc_A    68.46%    passed     20.53%
  18  a_35_1_0_5woq_A    66.80%    passed      8.42%
  19  a_35_1_0_2l8n_A    80.50%    passed     37.53%
  20  a_35_1_2_1lli_A    63.07%    passed     70.79%
  21  a_35_1_2_3kz3_A    66.80%    passed     94.63%
  22  a_35_1_2_1neq_A    69.29%    passed     86.79%
  23  a_35_1_2_1sq8_A    73.44%    passed     41.08%
  24  a_35_1_2_2r63_A    73.86%    passed     86.46%
  25  a_35_1_2_1zug_A    70.54%    passed     86.28%
  26  a_35_1_2_3jxb_C    72.20%    passed     99.46%
  27  a_35_1_3_2ppx_A    74.27%    passed     56.97%
  28  a_35_1_5_1uxc_A    79.25%    passed     38.17%
  29  a_35_1_3_2icp_A    63.90%    passed     89.43%
  30  a_35_1_3_4mct_A    61.83%    passed     86.25%
  31  a_35_1_0_2eby_A    57.68%    passed     37.81%
  32  a_35_1_2_1rzs_A    74.69%    passed     50.26%
WARNING: 27 sequences contain more than 50% gaps/ambiguity
****  TOTAL              64.77%  0 sequences failed composition chi2 test (p-value<5%; df=19)


Create initial parsimony tree by phylogenetic likelihood library (PLL)... 0.003 seconds
Perform fast likelihood tree search using LG+I+G model...
Estimate model parameters (epsilon = 5.000)
Perform nearest neighbor interchange...
Estimate model parameters (epsilon = 1.000)
1. Initial log-likelihood: -6209.581
Optimal log-likelihood: -6209.049
Proportion of invariable sites: 0.006
Gamma shape alpha: 3.138
Parameters optimization took 1 rounds (0.061 sec)
Time for fast ML tree search: 0.758 seconds

NOTE: ModelFinder requires 12 MB RAM!
ModelFinder will test up to 1232 protein models (sample size: 241 epsilon: 0.100) ...
 No. Model         -LnL         df  AIC          AICc         BIC
  1  LG            6249.729     61  12621.457    12663.714    12834.030
  2  LG+I          6249.705     62  12623.409    12667.297    12839.467
  3  LG+G4         6208.583     62  12541.167    12585.055    12757.224
  4  LG+I+G4       6208.657     63  12543.313    12588.872    12762.855
  5  LG+R2         6209.159     63  12544.318    12589.877    12763.860
  6  LG+R3         6207.956     65  12545.912    12594.941    12772.424
 14  LG+I+R2       6209.159     64  12546.318    12593.591    12769.345
 15  LG+I+R3       6207.957     66  12547.914    12598.741    12777.910
 25  LG+F+G4       6184.269     81  12530.537    12614.084    12812.806
 26  LG+F+I+G4     6184.312     82  12532.624    12618.776    12818.378
 27  LG+F+R2       6185.802     82  12535.604    12621.756    12821.357
 47  WAG+G4        6245.188     62  12614.377    12658.264    12830.434
 48  WAG+I+G4      6245.156     63  12616.312    12661.871    12835.854
 49  WAG+R2        6243.680     63  12613.360    12658.919    12832.902
 69  WAG+F+G4      6191.295     81  12544.590    12628.138    12826.859
 70  WAG+F+I+G4    6191.298     82  12546.595    12632.747    12832.349
 71  WAG+F+R2      6191.147     82  12546.294    12632.446    12832.048
 91  JTT+G4        6270.139     62  12664.278    12708.166    12880.336
 92  JTT+I+G4      6270.149     63  12666.298    12711.857    12885.840
 93  JTT+R2        6271.067     63  12668.135    12713.694    12887.677
113  JTT+F+G4      6210.786     81  12583.572    12667.119    12865.841
114  JTT+F+I+G4    6210.781     82  12585.562    12671.713    12871.315
115  JTT+F+R2      6212.806     82  12589.611    12675.763    12875.365
WARNING: Normalizing state frequencies so that sum of them equals to 1
135  Q.pfam+G4     6204.738     62  12533.475    12577.363    12749.533
WARNING: Normalizing state frequencies so that sum of them equals to 1
136  Q.pfam+I+G4   6204.749     63  12535.497    12581.057    12755.040
WARNING: Normalizing state frequencies so that sum of them equals to 1
137  Q.pfam+R2     6205.302     63  12536.604    12582.164    12756.146
WARNING: Normalizing state frequencies so that sum of them equals to 1
157  Q.pfam+F+G4   6177.534     81  12517.069    12600.616    12799.337
WARNING: Normalizing state frequencies so that sum of them equals to 1
158  Q.pfam+F+I+G4 6177.543     82  12519.087    12605.239    12804.840
WARNING: Normalizing state frequencies so that sum of them equals to 1
159  Q.pfam+F+R2   6179.112     82  12522.224    12608.376    12807.977
WARNING: Normalizing state frequencies so that sum of them equals to 1
179  Q.bird+G4     6345.493     62  12814.986    12858.874    13031.044
WARNING: Normalizing state frequencies so that sum of them equals to 1
180  Q.bird+I+G4   6345.519     63  12817.037    12862.597    13036.580
WARNING: Normalizing state frequencies so that sum of them equals to 1
181  Q.bird+R2     6350.718     63  12827.437    12872.996    13046.979
WARNING: Normalizing state frequencies so that sum of them equals to 1
201  Q.bird+F+G4   6273.557     81  12709.114    12792.661    12991.383
WARNING: Normalizing state frequencies so that sum of them equals to 1
202  Q.bird+F+I+G4 6273.558     82  12711.116    12797.268    12996.870
WARNING: Normalizing state frequencies so that sum of them equals to 1
203  Q.bird+F+R2   6277.385     82  12718.769    12804.921    13004.523
WARNING: Normalizing state frequencies so that sum of them equals to 1
223  Q.mammal+G4   6317.772     62  12759.544    12803.431    12975.601
WARNING: Normalizing state frequencies so that sum of them equals to 1
224  Q.mammal+I+G4 6317.764     63  12761.527    12807.087    12981.069
WARNING: Normalizing state frequencies so that sum of them equals to 1
225  Q.mammal+R2   6321.385     63  12768.770    12814.330    12988.313
WARNING: Normalizing state frequencies so that sum of them equals to 1
245  Q.mammal+F+G4 6239.317     81  12640.633    12724.180    12922.902
WARNING: Normalizing state frequencies so that sum of them equals to 1
246  Q.mammal+F+I+G4 6239.303     82  12642.606    12728.758    12928.359
WARNING: Normalizing state frequencies so that sum of them equals to 1
247  Q.mammal+F+R2 6241.760     82  12647.521    12733.673    12933.274
267  Q.insect+G4   6236.750     62  12597.501    12641.389    12813.558
268  Q.insect+I+G4 6236.750     63  12599.500    12645.059    12819.042
269  Q.insect+R2   6238.104     63  12602.208    12647.767    12821.750
289  Q.insect+F+G4 6184.847     81  12531.693    12615.240    12813.962
290  Q.insect+F+I+G4 6184.840     82  12533.681    12619.833    12819.434
291  Q.insect+F+R2 6185.786     82  12535.573    12621.724    12821.326
WARNING: Normalizing state frequencies so that sum of them equals to 1
311  Q.plant+G4    6283.543     62  12691.085    12734.973    12907.143
WARNING: Normalizing state frequencies so that sum of them equals to 1
312  Q.plant+I+G4  6283.521     63  12693.042    12738.601    12912.584
WARNING: Normalizing state frequencies so that sum of them equals to 1
313  Q.plant+R2    6286.615     63  12699.230    12744.789    12918.772
WARNING: Normalizing state frequencies so that sum of them equals to 1
333  Q.plant+F+G4  6229.746     81  12621.493    12705.040    12903.762
WARNING: Normalizing state frequencies so that sum of them equals to 1
334  Q.plant+F+I+G4 6229.743     82  12623.487    12709.639    12909.240
WARNING: Normalizing state frequencies so that sum of them equals to 1
335  Q.plant+F+R2  6233.480     82  12630.960    12717.112    12916.713
WARNING: Normalizing state frequencies so that sum of them equals to 1
355  Q.yeast+G4    6258.942     62  12641.884    12685.771    12857.941
WARNING: Normalizing state frequencies so that sum of them equals to 1
356  Q.yeast+I+G4  6258.936     63  12643.872    12689.431    12863.414
WARNING: Normalizing state frequencies so that sum of them equals to 1
357  Q.yeast+R2    6261.204     63  12648.409    12693.968    12867.951
WARNING: Normalizing state frequencies so that sum of them equals to 1
377  Q.yeast+F+G4  6190.524     81  12543.047    12626.595    12825.316
WARNING: Normalizing state frequencies so that sum of them equals to 1
378  Q.yeast+F+I+G4 6190.517     82  12545.033    12631.185    12830.787
WARNING: Normalizing state frequencies so that sum of them equals to 1
379  Q.yeast+F+R2  6192.681     82  12549.362    12635.514    12835.115
399  JTTDCMut+G4   6270.968     62  12665.936    12709.824    12881.994
400  JTTDCMut+I+G4 6270.976     63  12667.952    12713.511    12887.494
401  JTTDCMut+R2   6271.652     63  12669.305    12714.864    12888.847
421  JTTDCMut+F+G4 6210.746     81  12583.493    12667.040    12865.761
422  JTTDCMut+F+I+G4 6210.732     82  12585.464    12671.615    12871.217
423  JTTDCMut+F+R2 6212.864     82  12589.728    12675.880    12875.482
443  DCMut+G4      6342.923     62  12809.845    12853.733    13025.903
444  DCMut+I+G4    6342.926     63  12811.852    12857.411    13031.394
445  DCMut+R2      6341.943     63  12809.886    12855.445    13029.428
465  DCMut+F+G4    6228.743     81  12619.485    12703.032    12901.754
466  DCMut+F+I+G4  6228.742     82  12621.483    12707.635    12907.237
467  DCMut+F+R2    6230.292     82  12624.585    12710.736    12910.338
487  VT+G4         6211.473     62  12546.946    12590.833    12763.003
488  VT+I+G4       6211.462     63  12548.925    12594.484    12768.467
489  VT+R2         6211.104     63  12548.207    12593.766    12767.749
509  VT+F+G4       6173.893     81  12509.786    12593.333    12792.055
510  VT+F+I+G4     6173.886     82  12511.771    12597.923    12797.525
511  VT+F+R2       6174.690     82  12513.380    12599.532    12799.133
531  PMB+G4        6232.570     62  12589.140    12633.027    12805.197
532  PMB+I+G4      6232.568     63  12591.135    12636.695    12810.678
533  PMB+R2        6231.119     63  12588.237    12633.797    12807.780
553  PMB+F+G4      6179.344     81  12520.688    12604.236    12802.957
554  PMB+F+I+G4    6179.342     82  12522.684    12608.836    12808.438
555  PMB+F+R2      6179.489     82  12522.979    12609.131    12808.732
575  Blosum62+G4   6224.900     62  12573.801    12617.688    12789.858
576  Blosum62+I+G4 6224.900     63  12575.800    12621.359    12795.342
577  Blosum62+R2   6223.223     63  12572.447    12618.006    12791.989
597  Blosum62+F+G4 6178.747     81  12519.493    12603.041    12801.762
598  Blosum62+F+I+G4 6178.744     82  12521.489    12607.641    12807.242
599  Blosum62+F+R2 6179.017     82  12522.033    12608.185    12807.787
619  Dayhoff+G4    6343.168     62  12810.336    12854.223    13026.393
620  Dayhoff+I+G4  6343.158     63  12812.317    12857.876    13031.859
621  Dayhoff+R2    6342.119     63  12810.238    12855.797    13029.780
641  Dayhoff+F+G4  6228.970     81  12619.941    12703.488    12902.209
642  Dayhoff+F+I+G4 6228.967     82  12621.935    12708.087    12907.688
643  Dayhoff+F+R2  6230.550     82  12625.101    12711.252    12910.854
663  mtREV+G4      6616.452     62  13356.903    13400.791    13572.961
664  mtREV+I+G4    6616.452     63  13358.904    13404.464    13578.447
665  mtREV+R2      6613.374     63  13352.747    13398.307    13572.289
685  mtREV+F+G4    6266.335     81  12694.670    12778.217    12976.939
686  mtREV+F+I+G4  6266.306     82  12696.612    12782.764    12982.365
687  mtREV+F+R2    6267.665     82  12699.331    12785.483    12985.084
707  mtART+G4      6697.265     62  13518.529    13562.417    13734.587
708  mtART+I+G4    6697.267     63  13520.533    13566.093    13740.076
709  mtART+R2      6711.872     63  13549.744    13595.303    13769.286
729  mtART+F+G4    6279.137     81  12720.275    12803.822    13002.543
730  mtART+F+I+G4  6279.105     82  12722.210    12808.362    13007.963
731  mtART+F+R2    6293.090     82  12750.179    12836.331    13035.933
751  mtZOA+G4      6576.921     62  13277.842    13321.729    13493.899
752  mtZOA+I+G4    6576.914     63  13279.828    13325.387    13499.370
753  mtZOA+R2      6579.913     63  13285.827    13331.386    13505.369
773  mtZOA+F+G4    6261.712     81  12685.424    12768.971    12967.693
774  mtZOA+F+I+G4  6261.618     82  12687.235    12773.387    12972.988
775  mtZOA+F+R2    6270.677     82  12705.354    12791.505    12991.107
795  mtMet+G4      6660.997     62  13445.994    13489.882    13662.051
796  mtMet+I+G4    6660.990     63  13447.980    13493.539    13667.522
797  mtMet+R2      6654.526     63  13435.053    13480.612    13654.595
817  mtMet+F+G4    6258.720     81  12679.440    12762.987    12961.709
818  mtMet+F+I+G4  6258.629     82  12681.258    12767.410    12967.011
819  mtMet+F+R2    6263.668     82  12691.337    12777.489    12977.090
839  mtVer+G4      6658.694     62  13441.388    13485.276    13657.446
840  mtVer+I+G4    6658.700     63  13443.401    13488.960    13662.943
841  mtVer+R2      6647.519     63  13421.038    13466.598    13640.580
861  mtVer+F+G4    6293.605     81  12749.210    12832.757    13031.478
862  mtVer+F+I+G4  6293.499     82  12750.997    12837.149    13036.751
863  mtVer+F+R2    6300.461     82  12764.922    12851.074    13050.676
883  mtInv+G4      6725.458     62  13574.915    13618.803    13790.973
884  mtInv+I+G4    6725.454     63  13576.907    13622.467    13796.450
885  mtInv+R2      6721.030     63  13568.060    13613.620    13787.603
905  mtInv+F+G4    6233.835     81  12629.671    12713.218    12911.939
906  mtInv+F+I+G4  6233.844     82  12631.688    12717.840    12917.442
907  mtInv+F+R2    6238.208     82  12640.416    12726.568    12926.170
927  mtMAM+G4      6689.095     62  13502.190    13546.077    13718.247
928  mtMAM+I+G4    6689.089     63  13504.177    13549.736    13723.719
929  mtMAM+R2      6680.352     63  13486.705    13532.264    13706.247
949  mtMAM+F+G4    6317.112     81  12796.224    12879.772    13078.493
950  mtMAM+F+I+G4  6316.902     82  12797.804    12883.956    13083.557
951  mtMAM+F+R2    6323.544     82  12811.089    12897.241    13096.842
WARNING: Normalizing state frequencies so that sum of them equals to 1
971  FLAVI+G4      6451.322     62  13026.644    13070.531    13242.701
WARNING: Normalizing state frequencies so that sum of them equals to 1
972  FLAVI+I+G4    6451.312     63  13028.624    13074.184    13248.166
WARNING: Normalizing state frequencies so that sum of them equals to 1
973  FLAVI+R2      6461.052     63  13048.104    13093.663    13267.646
WARNING: Normalizing state frequencies so that sum of them equals to 1
993  FLAVI+F+G4    6355.594     81  12873.187    12956.734    13155.456
WARNING: Normalizing state frequencies so that sum of them equals to 1
994  FLAVI+F+I+G4  6355.579     82  12875.158    12961.310    13160.912
WARNING: Normalizing state frequencies so that sum of them equals to 1
995  FLAVI+F+R2    6367.340     82  12898.681    12984.832    13184.434
1015  HIVb+G4       6341.571     62  12807.142    12851.030    13023.199
1016  HIVb+I+G4     6341.583     63  12809.167    12854.726    13028.709
1017  HIVb+R2       6346.511     63  12819.021    12864.581    13038.564
1037  HIVb+F+G4     6285.295     81  12732.591    12816.138    13014.859
1038  HIVb+F+I+G4   6285.299     82  12734.598    12820.750    13020.351
1039  HIVb+F+R2     6290.920     82  12745.839    12831.991    13031.593
1059  HIVw+G4       6591.350     62  13306.699    13350.587    13522.757
1060  HIVw+I+G4     6591.345     63  13308.691    13354.250    13528.233
1061  HIVw+R2       6596.286     63  13318.571    13364.131    13538.114
1081  HIVw+F+G4     6380.190     81  12922.380    13005.927    13204.649
1082  HIVw+F+I+G4   6380.175     82  12924.350    13010.502    13210.103
1083  HIVw+F+R2     6383.717     82  12931.435    13017.587    13217.188
1103  FLU+G4        6385.230     62  12894.460    12938.348    13110.518
1104  FLU+I+G4      6385.226     63  12896.452    12942.012    13115.995
1105  FLU+R2        6388.715     63  12903.431    12948.990    13122.973
1125  FLU+F+G4      6268.510     81  12699.021    12782.568    12981.289
1126  FLU+F+I+G4    6268.509     82  12701.017    12787.169    12986.771
1127  FLU+F+R2      6271.473     82  12706.946    12793.098    12992.699
1147  rtREV+G4      6261.954     62  12647.909    12691.796    12863.966
1148  rtREV+I+G4    6261.924     63  12649.848    12695.408    12869.390
1149  rtREV+R2      6260.800     63  12647.600    12693.159    12867.142
1169  rtREV+F+G4    6187.904     81  12537.807    12621.354    12820.076
1170  rtREV+F+I+G4  6187.908     82  12539.817    12625.969    12825.570
1171  rtREV+F+R2    6188.325     82  12540.649    12626.801    12826.402
1191  cpREV+G4      6278.352     62  12680.705    12724.592    12896.762
1192  cpREV+I+G4    6278.341     63  12682.682    12728.241    12902.224
1193  cpREV+R2      6278.565     63  12683.131    12728.690    12902.673
1213  cpREV+F+G4    6236.243     81  12634.486    12718.033    12916.755
1214  cpREV+F+I+G4  6236.231     82  12636.461    12722.613    12922.214
1215  cpREV+F+R2    6237.371     82  12638.742    12724.894    12924.496
Akaike Information Criterion:           VT+F+G4
Corrected Akaike Information Criterion: Q.pfam+G4
Bayesian Information Criterion:         Q.pfam+G4
Best-fit model: Q.pfam+G4 chosen according to BIC

All model information printed to /Users/mful870/Desktop/Structuring_Prot_Universe/Reduced_100set_Pruned56/a_35_1/Crystal_Tree/AU/crystal_aa.fa.model.gz
CPU time for ModelFinder: 23.815 seconds (0h:0m:23s)
Wall-clock time for ModelFinder: 24.210 seconds (0h:0m:24s)
WARNING: Normalizing state frequencies so that sum of them equals to 1

NOTE: 4 MB RAM (0 GB) is required!
Estimate model parameters (epsilon = 0.010)
1. Initial log-likelihood: -6208.013
2. Current log-likelihood: -6205.024
3. Current log-likelihood: -6204.784
4. Current log-likelihood: -6204.750
Optimal log-likelihood: -6204.739
Gamma shape alpha: 3.540
Parameters optimization took 4 rounds (0.188 sec)
Wrote distance file to... 
BEST SCORE FOUND : -6204.739
Total tree length: 44.123

Total number of iterations: 0
CPU time used for tree search: 0.000 sec (0h:0m:0s)
Wall-clock time used for tree search: 0.000 sec (0h:0m:0s)
Total CPU time used: 24.008 sec (0h:0m:24s)
Total wall-clock time used: 24.407 sec (0h:0m:24s)
Reading trees in /Users/mful870/Desktop/Structuring_Prot_Universe/Reduced_100set_Pruned56/a_35_1/Crystal_Tree/AU/AA_plus_TDIboots.tre ...

101 trees detected
Note: 16.939 MB of RAM required!
Creating 10000 bootstrap replicates...
done
Tree 1 / LogL: -6194.070
Tree 2 / LogL: -6307.612
Tree 3 / LogL: -6311.147
Tree 4 / LogL: -6265.600
Tree 5 / LogL: -6261.660
Tree 6 / LogL: -6383.068
Tree 7 / LogL: -6391.319
Tree 8 / LogL: -6282.218
Tree 9 / LogL: -6278.000
Tree 10 / LogL: -6288.075
Tree 11 / LogL: -6263.541
Tree 12 / LogL: -6330.084
Tree 13 / LogL: -6299.116
Tree 14 / LogL: -6294.056
Tree 15 / LogL: -6360.495
Tree 16 / LogL: -6291.090
Tree 17 / LogL: -6299.660
Tree 18 / LogL: -6291.217
Tree 19 / LogL: -6296.644
Tree 20 / LogL: -6272.578
Tree 21 / LogL: -6291.780
Tree 22 / LogL: -6322.668
Tree 23 / LogL: -6376.050
Tree 24 / LogL: -6309.555
Tree 25 / LogL: -6299.957
Tree 26 / LogL: -6407.052
Tree 27 / LogL: -6293.177
Tree 28 / LogL: -6381.011
Tree 29 / LogL: -6357.738
Tree 30 / LogL: -6294.015
Tree 31 / LogL: -6300.462
Tree 32 / LogL: -6290.403
Tree 33 / LogL: -6400.165
Tree 34 / LogL: -6286.868
Tree 35 / LogL: -6364.870
Tree 36 / LogL: -6397.939
Tree 37 / LogL: -6373.306
Tree 38 / LogL: -6386.481
Tree 39 / LogL: -6287.319
Tree 40 / LogL: -6412.936
Tree 41 / LogL: -6343.895
Tree 42 / LogL: -6306.944
Tree 43 / LogL: -6321.228
Tree 44 / LogL: -6299.072
Tree 45 / LogL: -6322.292
Tree 46 / LogL: -6304.594
Tree 47 / LogL: -6249.786
Tree 48 / LogL: -6355.870
Tree 49 / LogL: -6375.099
Tree 50 / LogL: -6282.996
Tree 51 / LogL: -6279.177
Tree 52 / LogL: -6270.692
Tree 53 / LogL: -6362.760
Tree 54 / LogL: -6311.336
Tree 55 / LogL: -6325.625
Tree 56 / LogL: -6384.726
Tree 57 / LogL: -6265.955
Tree 58 / LogL: -6324.124
Tree 59 / LogL: -6285.122
Tree 60 / LogL: -6302.994
Tree 61 / LogL: -6291.361
Tree 62 / LogL: -6383.097
Tree 63 / LogL: -6282.067
Tree 64 / LogL: -6314.516
Tree 65 / LogL: -6314.242
Tree 66 / LogL: -6306.497
Tree 67 / LogL: -6272.540
Tree 68 / LogL: -6291.130
Tree 69 / LogL: -6290.484
Tree 70 / LogL: -6294.162
Tree 71 / LogL: -6278.135
Tree 72 / LogL: -6286.596
Tree 73 / LogL: -6366.780
Tree 74 / LogL: -6272.056
Tree 75 / LogL: -6368.639
Tree 76 / LogL: -6312.527
Tree 77 / LogL: -6286.157
Tree 78 / LogL: -6374.622
Tree 79 / LogL: -6400.750
Tree 80 / LogL: -6391.911
Tree 81 / LogL: -6292.329
Tree 82 / LogL: -6319.527
Tree 83 / LogL: -6296.208
Tree 84 / LogL: -6355.484
Tree 85 / LogL: -6303.788
Tree 86 / LogL: -6364.009
Tree 87 / LogL: -6344.350
Tree 88 / LogL: -6331.569
Tree 89 / LogL: -6309.261
Tree 90 / LogL: -6398.514
Tree 91 / LogL: -6292.483
Tree 92 / LogL: -6350.556
Tree 93 / LogL: -6296.950
Tree 94 / LogL: -6284.134
Tree 95 / LogL: -6289.425
Tree 96 / LogL: -6357.110
Tree 97 / LogL: -6348.865
Tree 98 / LogL: -6317.363
Tree 99 / LogL: -6364.998
Tree 100 / LogL: -6298.598
Tree 101 / LogL: -6363.220
Performing RELL-BP test...
Performing KH and SH test...
Computing pairwise logl difference variance ...
Performing WKH and WSH test...
Performing ELW test...
Performing approximately unbiased (AU) test...
77 MB required for AU test
Generating 10 x 10000 multiscale bootstrap replicates... 1.387 seconds
TreeID	AU	RSS	d	c
1	1.000	9.341	-3.507	0.381
2	0.000	2.284	3.689	0.302
3	0.000	0.000	11.577	-3.198
4	0.000	0.574	4.269	0.025
5	0.001	4.095	3.203	0.193
6	0.000	0.000	11.314	-3.030
7	0.002	1.441	3.572	0.681
8	0.000	0.903	4.986	-0.142
9	0.002	4.626	2.957	0.093
10	0.000	2.489	3.752	0.207
11	0.000	0.187	5.719	-0.483
12	0.000	0.324	4.340	0.235
13	0.000	1.586	3.703	0.215
14	0.000	3.507	4.061	0.316
15	0.000	5.601	3.992	0.079
16	0.000	4.457	3.812	0.320
17	0.000	0.051	12.338	-3.599
18	0.000	0.500	11.225	-3.133
19	0.000	0.122	12.789	-3.998
20	0.000	0.138	6.101	-0.752
21	0.003	4.330	3.372	0.569
22	0.000	1.929	3.673	0.275
23	0.000	0.000	12.627	-3.692
24	0.000	0.311	4.398	0.186
25	0.000	0.768	4.516	0.320
26	0.000	0.000	13.441	-4.318
27	0.000	6.156	3.705	0.372
28	0.000	0.163	5.429	-0.209
29	0.000	0.000	15.201	-5.038
30	0.001	3.487	3.304	0.139
31	0.000	0.579	5.153	-0.042
32	0.000	0.757	3.818	0.515
33	0.000	0.042	10.406	-2.486
34	0.000	3.258	5.076	-0.232
35	0.000	2.261	4.726	-0.169
36	0.000	0.000	10.355	-2.691
37	0.000	3.147	3.823	0.380
38	0.000	2.366	4.552	-0.005
39	0.000	1.655	3.830	0.171
40	0.000	0.000	12.815	-3.934
41	0.000	0.093	10.004	-2.396
42	0.000	0.434	5.311	-0.289
43	0.001	3.405	3.320	0.327
44	0.001	5.660	3.447	0.390
45	0.000	0.000	11.899	-3.317
46	0.000	1.361	4.523	0.205
47	0.001	9.105	3.094	0.110
48	0.000	0.000	12.033	-3.583
49	0.000	3.951	3.884	0.297
50	0.000	0.830	4.029	0.418
51	0.000	2.012	3.766	0.172
52	0.000	0.239	4.837	-0.217
53	0.000	0.037	12.277	-3.511
54	0.000	0.000	15.419	-5.185
55	0.000	0.108	5.266	0.007
56	0.000	1.316	4.540	-0.023
57	0.000	3.030	3.531	0.227
58	0.000	3.567	4.206	-0.154
59	0.001	3.033	3.426	0.143
60	0.000	0.000	11.751	-3.066
61	0.000	0.000	11.427	-3.242
62	0.000	0.000	13.938	-4.441
63	0.000	1.302	4.880	-0.088
64	0.000	0.000	12.200	-3.299
65	0.000	0.082	12.675	-3.867
66	0.001	2.904	3.625	0.606
67	0.000	4.459	3.944	-0.035
68	0.000	0.960	4.757	0.043
69	0.000	0.787	4.356	0.472
70	0.000	3.164	3.941	0.210
71	0.004	3.950	3.017	0.333
72	0.000	2.500	4.160	0.188
73	0.000	3.427	4.579	-0.021
74	0.001	2.595	3.456	0.305
75	0.000	3.351	4.069	0.271
76	0.000	4.867	4.008	0.169
77	0.000	3.316	3.745	0.197
78	0.000	0.056	14.933	-5.089
79	0.000	0.000	10.629	-2.418
80	0.000	0.037	6.452	-0.809
81	0.000	0.387	12.396	-3.709
82	0.000	0.108	12.187	-3.494
83	0.000	0.822	4.563	0.134
84	0.000	0.155	5.556	-0.310
85	0.001	3.463	3.525	0.302
86	0.000	0.837	4.451	0.226
87	0.000	0.157	4.930	0.240
88	0.000	0.000	10.434	-2.554
89	0.000	0.000	9.319	-1.986
90	0.000	0.229	5.287	-0.149
91	0.000	0.446	4.759	0.258
92	0.000	0.000	9.602	-2.092
93	0.000	3.265	3.714	0.300
94	0.000	3.354	4.060	0.076
95	0.000	0.028	14.121	-4.516
96	0.000	0.670	4.649	0.202
97	0.000	0.696	4.594	0.045
98	0.000	0.025	11.024	-2.745
99	0.000	0.073	10.518	-2.638
100	0.001	1.361	3.586	0.388
101	0.000	0.000	14.016	-4.409
Time for AU test: 1.392 seconds
Time for evaluating all trees: 16.659 sec.

Analysis results written to: 
  IQ-TREE report:                /Users/mful870/Desktop/Structuring_Prot_Universe/Reduced_100set_Pruned56/a_35_1/Crystal_Tree/AU/crystal_aa.fa.iqtree
  Maximum-likelihood tree:       /Users/mful870/Desktop/Structuring_Prot_Universe/Reduced_100set_Pruned56/a_35_1/Crystal_Tree/AU/crystal_aa.fa.treefile
  Evaluated user trees:          /Users/mful870/Desktop/Structuring_Prot_Universe/Reduced_100set_Pruned56/a_35_1/Crystal_Tree/AU/crystal_aa.fa.trees
  Screen log file:               /Users/mful870/Desktop/Structuring_Prot_Universe/Reduced_100set_Pruned56/a_35_1/Crystal_Tree/AU/crystal_aa.fa.log

Date and Time: Mon Jun  9 11:14:01 2025
