IQ-TREE multicore version 2.4.0 for MacOS Intel 64-bit built Feb  7 2025
Developed by Bui Quang Minh, Nguyen Lam Tung, Olga Chernomor, Heiko Schmidt,
Dominik Schrempf, Michael Woodhams, Ly Trong Nhan, Thomas Wong

Host:    sc-sbs-383386 (AVX512, FMA3, 32 GB RAM)
Command: /Users/mful870/Bioinformatics_Programs/iqtree-2.4.0-macOS/bin/iqtree2 -redo -te crystal.tdialn.treefile -s crystal.tdialn --scfl 100 -blfix -m /Users/mful870/Desktop/MD_3di_Dev_02Oct24/Scriptorum/SubstitutionMatrix/3di_substmat --prefix concord
Seed:    498239 (Using SPRNG - Scalable Parallel Random Number Generator)
Time:    Fri Jun  6 13:58:22 2025
Kernel:  AVX+FMA - 1 threads (16 CPU cores detected)

HINT: Use -nt option to specify number of threads because your CPU has 16 cores!
HINT: -nt AUTO will automatically determine the best number of threads to use.

Reading alignment file crystal.tdialn ... Fasta format detected
Reading fasta file: done in 0.000182152 secs using 59.84% CPU
Alignment most likely contains protein sequences
Alignment has 13 sequences with 158 columns, 152 distinct patterns
99 parsimony-informative, 42 singleton sites, 17 constant sites
WARNING: Some sequence names are changed as follows:
a_39_2_1+1qwv_A -> a_39_2_1_1qwv_A
a_39_2_1+1xfr_A -> a_39_2_1_1xfr_A
a_39_2_1+2kph_A -> a_39_2_1_2kph_A
a_39_2_0+2wc6_A -> a_39_2_0_2wc6_A
a_39_2_0+3q8i_A -> a_39_2_0_3q8i_A
a_39_2_1+1oof_A -> a_39_2_1_1oof_A
a_39_2_1+1org_A -> a_39_2_1_1org_A
a_39_2_0+3k1e_A -> a_39_2_0_3k1e_A
a_39_2_0+3ogn_A -> a_39_2_0_3ogn_A
a_39_2_1+3d73_A -> a_39_2_1_3d73_A
a_39_2_0+3r72_A -> a_39_2_0_3r72_A
a_39_2_0+4pt1_A -> a_39_2_0_4pt1_A
a_39_2_1+1c3y_A -> a_39_2_1_1c3y_A

                 Gap/Ambiguity  Composition  p-value
Analyzing sequences: done in 1.50204e-05 secs using 79.89% CPU
   1  a_39_2_1_1qwv_A   10.13%    failed      2.10%
   2  a_39_2_1_1xfr_A   18.99%    passed     80.77%
   3  a_39_2_1_2kph_A   10.13%    passed     22.19%
   4  a_39_2_0_2wc6_A   10.76%    passed     11.78%
   5  a_39_2_0_3q8i_A   22.15%    passed     99.86%
   6  a_39_2_1_1oof_A   21.52%    passed     81.57%
   7  a_39_2_1_1org_A   25.32%    passed     97.80%
   8  a_39_2_0_3k1e_A   21.52%    passed     89.50%
   9  a_39_2_0_3ogn_A   21.52%    passed     98.28%
  10  a_39_2_1_3d73_A   24.68%    passed     93.48%
  11  a_39_2_0_3r72_A   22.78%    passed     95.88%
  12  a_39_2_0_4pt1_A   18.35%    passed     99.69%
  13  a_39_2_1_1c3y_A   31.65%    passed     60.26%
****  TOTAL             19.96%  1 sequences failed composition chi2 test (p-value<5%; df=19)
WARNING: States(s) E, I, K, M rarely appear in alignment and may cause numerical problems
Reading input tree file crystal.tdialn.treefile ...
Reading model parameters from file /Users/mful870/Desktop/MD_3di_Dev_02Oct24/Scriptorum/SubstitutionMatrix/3di_substmat
WARNING: Normalizing state frequencies so that sum of them equals to 1

NOTE: 0 MB RAM (0 GB) is required!
Estimate model parameters (epsilon = 0.010)
1. Initial log-likelihood: -2711.482
Optimal log-likelihood: -2711.482
Parameters optimization took 1 rounds (0.000 sec)
Wrote distance file to... 
BEST SCORE FOUND : -2711.482
Total tree length: 6.860

Total number of iterations: 0
CPU time used for tree search: 0.000 sec (0h:0m:0s)
Wall-clock time used for tree search: 0.000 sec (0h:0m:0s)
Total CPU time used: 0.008 sec (0h:0m:0s)
Total wall-clock time used: 0.012 sec (0h:0m:0s)
Computing site concordance factor using likelihood...
0.011 sec
Tree with site concordance factors written to concord.cf.tree
Annotated tree (best viewed in FigTree) written to concord.cf.tree.nex
Tree with branch IDs written to concord.cf.branch
Concordance factors per branch printed to concord.cf.stat

Analysis results written to: 
  IQ-TREE report:                concord.iqtree
  Maximum-likelihood tree:       concord.treefile
  Screen log file:               concord.log

Date and Time: Fri Jun  6 13:58:22 2025
