IQ-TREE multicore version 2.4.0 for MacOS Intel 64-bit built Feb  7 2025
Developed by Bui Quang Minh, Nguyen Lam Tung, Olga Chernomor, Heiko Schmidt,
Dominik Schrempf, Michael Woodhams, Ly Trong Nhan, Thomas Wong

Host:    sc-sbs-383386 (AVX512, FMA3, 32 GB RAM)
Command: /Users/mful870/Bioinformatics_Programs/iqtree-2.4.0-macOS/bin/iqtree2 -s /Users/mful870/Desktop/Structuring_Prot_Universe/Reduced_100set_Pruned56/b_122_1/Crystal_Tree/AU/crystal_aa.fa -z /Users/mful870/Desktop/Structuring_Prot_Universe/Reduced_100set_Pruned56/b_122_1/Crystal_Tree/AU/AA_plus_TDIboots.tre -n 0 -zb 10000 -zw -au -redo
Seed:    336503 (Using SPRNG - Scalable Parallel Random Number Generator)
Time:    Mon Jun  9 11:16:16 2025
Kernel:  AVX+FMA - 1 threads (16 CPU cores detected)

HINT: Use -nt option to specify number of threads because your CPU has 16 cores!
HINT: -nt AUTO will automatically determine the best number of threads to use.

Reading alignment file /Users/mful870/Desktop/Structuring_Prot_Universe/Reduced_100set_Pruned56/b_122_1/Crystal_Tree/AU/crystal_aa.fa ... Fasta format detected
Reading fasta file: done in 0.000128031 secs using 85.92% CPU
Alignment most likely contains protein sequences
Alignment has 13 sequences with 354 columns, 285 distinct patterns
106 parsimony-informative, 126 singleton sites, 122 constant sites
WARNING: Some sequence names are changed as follows:
b_122_1_12+2zkd_A -> b_122_1_12_2zkd_A
b_122_1_12+4pw5_A -> b_122_1_12_4pw5_A
b_122_1_10+1zbo_A -> b_122_1_10_1zbo_A
b_122_1_10+2ane_A -> b_122_1_10_2ane_A
b_122_1_8+1zce_A -> b_122_1_8_1zce_A
b_122_1_8+2ar1_A -> b_122_1_8_2ar1_A
b_122_1_8+1wmm_A -> b_122_1_8_1wmm_A
b_122_1_6+1s04_A -> b_122_1_6_1s04_A
b_122_1_6+2z0t_A -> b_122_1_6_2z0t_A
b_122_1_6+1xne_A -> b_122_1_6_1xne_A
b_122_1_7+1te7_A -> b_122_1_7_1te7_A
b_122_1_5+1wk2_A -> b_122_1_5_1wk2_A
b_122_1_11+2gmq_A -> b_122_1_11_2gmq_A

                   Gap/Ambiguity  Composition  p-value
Analyzing sequences: done in 1.3113e-05 secs using 83.89% CPU
   1  b_122_1_12_2zkd_A   40.68%    passed      6.05%
   2  b_122_1_12_4pw5_A   46.61%    passed     12.05%
   3  b_122_1_10_1zbo_A   44.35%    failed      0.00%
   4  b_122_1_10_2ane_A   68.93%    passed     84.54%
   5  b_122_1_8_1zce_A    58.76%    passed     44.28%
   6  b_122_1_8_2ar1_A    55.65%    passed     39.78%
   7  b_122_1_8_1wmm_A    59.60%    passed      7.23%
   8  b_122_1_6_1s04_A    68.93%    failed      3.80%
   9  b_122_1_6_2z0t_A    69.21%    failed      0.11%
  10  b_122_1_6_1xne_A    68.08%    passed     17.75%
  11  b_122_1_7_1te7_A    70.90%    failed      0.02%
  12  b_122_1_5_1wk2_A    76.27%    passed     77.99%
  13  b_122_1_11_2gmq_A   72.03%    passed      7.06%
WARNING: 10 sequences contain more than 50% gaps/ambiguity
****  TOTAL               61.54%  4 sequences failed composition chi2 test (p-value<5%; df=19)


Create initial parsimony tree by phylogenetic likelihood library (PLL)... 0.001 seconds
Perform fast likelihood tree search using LG+I+G model...
Estimate model parameters (epsilon = 5.000)
Perform nearest neighbor interchange...
Estimate model parameters (epsilon = 1.000)
1. Initial log-likelihood: -4312.080
2. Current log-likelihood: -4310.910
Optimal log-likelihood: -4310.118
Proportion of invariable sites: 0.003
Gamma shape alpha: 5.220
Parameters optimization took 2 rounds (0.053 sec)
Time for fast ML tree search: 0.320 seconds

NOTE: ModelFinder requires 6 MB RAM!
ModelFinder will test up to 1232 protein models (sample size: 354 epsilon: 0.100) ...
 No. Model         -LnL         df  AIC          AICc         BIC
  1  LG            4312.106     23  8670.212     8673.557     8759.206
  2  LG+I          4312.042     24  8672.085     8675.732     8764.948
  3  LG+G4         4309.571     24  8667.142     8670.789     8760.005
  4  LG+I+G4       4309.581     25  8669.162     8673.125     8765.894
  5  LG+R2         4309.375     25  8668.750     8672.713     8765.482
  6  LG+R3         4309.343     27  8672.686     8677.324     8777.157
 14  LG+I+R2       4309.349     26  8670.698     8674.992     8771.300
 15  LG+I+R3       4309.382     28  8674.763     8679.760     8783.104
 23  LG+F          4280.438     42  8644.875     8656.490     8807.386
 24  LG+F+I        4280.413     43  8646.826     8659.032     8813.206
 25  LG+F+G4       4278.366     43  8642.732     8654.938     8809.112
 26  LG+F+I+G4     4278.415     44  8644.831     8657.646     8815.080
 27  LG+F+R2       4278.205     44  8644.410     8657.226     8814.659
 45  WAG           4331.789     23  8709.579     8712.924     8798.573
 46  WAG+I         4331.775     24  8711.550     8715.197     8804.413
 47  WAG+G4        4330.776     24  8709.553     8713.200     8802.416
 48  WAG+I+G4      4330.790     25  8711.579     8715.543     8808.312
 49  WAG+R2        4330.731     25  8711.462     8715.426     8808.195
 67  WAG+F         4286.388     42  8656.776     8668.390     8819.287
 68  WAG+F+I       4286.376     43  8658.752     8670.958     8825.132
 69  WAG+F+G4      4285.347     43  8656.694     8668.900     8823.074
 70  WAG+F+I+G4    4285.347     44  8658.694     8671.510     8828.943
 71  WAG+F+R2      4285.276     44  8658.551     8671.367     8828.800
 89  JTT           4353.248     23  8752.496     8755.842     8841.490
 90  JTT+I         4353.205     24  8754.410     8758.058     8847.274
 91  JTT+G4        4349.855     24  8747.710     8751.357     8840.573
 92  JTT+I+G4      4349.833     25  8749.666     8753.629     8846.398
 93  JTT+R2        4349.839     25  8749.677     8753.641     8846.410
111  JTT+F         4314.360     42  8712.719     8724.333     8875.230
112  JTT+F+I       4314.304     43  8714.608     8726.815     8880.988
113  JTT+F+G4      4311.139     43  8708.279     8720.485     8874.658
114  JTT+F+I+G4    4311.117     44  8710.235     8723.050     8880.484
115  JTT+F+R2      4311.063     44  8710.126     8722.942     8880.376
WARNING: Normalizing state frequencies so that sum of them equals to 1
133  Q.pfam        4323.370     23  8692.739     8696.085     8781.733
WARNING: Normalizing state frequencies so that sum of them equals to 1
134  Q.pfam+I      4323.327     24  8694.654     8698.302     8787.517
WARNING: Normalizing state frequencies so that sum of them equals to 1
135  Q.pfam+G4     4320.480     24  8688.959     8692.607     8781.822
WARNING: Normalizing state frequencies so that sum of them equals to 1
136  Q.pfam+I+G4   4320.472     25  8690.943     8694.907     8787.676
WARNING: Normalizing state frequencies so that sum of them equals to 1
137  Q.pfam+R2     4320.322     25  8690.644     8694.608     8787.377
WARNING: Normalizing state frequencies so that sum of them equals to 1
155  Q.pfam+F      4282.261     42  8648.523     8660.137     8811.033
WARNING: Normalizing state frequencies so that sum of them equals to 1
156  Q.pfam+F+I    4282.237     43  8650.473     8662.680     8816.853
WARNING: Normalizing state frequencies so that sum of them equals to 1
157  Q.pfam+F+G4   4280.257     43  8646.514     8658.720     8812.893
WARNING: Normalizing state frequencies so that sum of them equals to 1
158  Q.pfam+F+I+G4 4280.273     44  8648.546     8661.362     8818.795
WARNING: Normalizing state frequencies so that sum of them equals to 1
159  Q.pfam+F+R2   4280.154     44  8648.309     8661.124     8818.558
WARNING: Normalizing state frequencies so that sum of them equals to 1
177  Q.bird        4411.390     23  8868.781     8872.126     8957.775
WARNING: Normalizing state frequencies so that sum of them equals to 1
178  Q.bird+I      4411.358     24  8870.717     8874.364     8963.580
WARNING: Normalizing state frequencies so that sum of them equals to 1
179  Q.bird+G4     4400.492     24  8848.985     8852.632     8941.848
WARNING: Normalizing state frequencies so that sum of them equals to 1
180  Q.bird+I+G4   4400.499     25  8850.999     8854.962     8947.731
WARNING: Normalizing state frequencies so that sum of them equals to 1
181  Q.bird+R2     4401.053     25  8852.105     8856.068     8948.838
WARNING: Normalizing state frequencies so that sum of them equals to 1
199  Q.bird+F      4355.078     42  8794.157     8805.771     8956.667
WARNING: Normalizing state frequencies so that sum of them equals to 1
200  Q.bird+F+I    4355.024     43  8796.049     8808.255     8962.429
WARNING: Normalizing state frequencies so that sum of them equals to 1
201  Q.bird+F+G4   4345.459     43  8776.917     8789.124     8943.297
WARNING: Normalizing state frequencies so that sum of them equals to 1
202  Q.bird+F+I+G4 4345.447     44  8778.893     8791.709     8949.142
WARNING: Normalizing state frequencies so that sum of them equals to 1
203  Q.bird+F+R2   4345.330     44  8778.660     8791.476     8948.909
WARNING: Normalizing state frequencies so that sum of them equals to 1
221  Q.mammal      4407.422     23  8860.845     8864.190     8949.839
WARNING: Normalizing state frequencies so that sum of them equals to 1
222  Q.mammal+I    4407.380     24  8862.760     8866.407     8955.623
WARNING: Normalizing state frequencies so that sum of them equals to 1
223  Q.mammal+G4   4398.985     24  8845.971     8849.618     8938.834
WARNING: Normalizing state frequencies so that sum of them equals to 1
224  Q.mammal+I+G4 4398.988     25  8847.976     8851.939     8944.708
WARNING: Normalizing state frequencies so that sum of them equals to 1
225  Q.mammal+R2   4399.453     25  8848.905     8852.869     8945.638
WARNING: Normalizing state frequencies so that sum of them equals to 1
243  Q.mammal+F    4340.389     42  8764.777     8776.391     8927.288
WARNING: Normalizing state frequencies so that sum of them equals to 1
244  Q.mammal+F+I  4340.343     43  8766.686     8778.892     8933.066
WARNING: Normalizing state frequencies so that sum of them equals to 1
245  Q.mammal+F+G4 4333.615     43  8753.231     8765.437     8919.611
WARNING: Normalizing state frequencies so that sum of them equals to 1
246  Q.mammal+F+I+G4 4333.619     44  8755.238     8768.054     8925.487
WARNING: Normalizing state frequencies so that sum of them equals to 1
247  Q.mammal+F+R2 4333.551     44  8755.101     8767.917     8925.351
265  Q.insect      4375.184     23  8796.367     8799.713     8885.361
266  Q.insect+I    4375.135     24  8798.271     8801.918     8891.134
267  Q.insect+G4   4369.252     24  8786.505     8790.152     8879.368
268  Q.insect+I+G4 4369.269     25  8788.539     8792.502     8885.271
269  Q.insect+R2   4369.496     25  8788.991     8792.954     8885.723
287  Q.insect+F    4303.578     42  8691.156     8702.770     8853.667
288  Q.insect+F+I  4303.534     43  8693.068     8705.274     8859.448
289  Q.insect+F+G4 4299.368     43  8684.736     8696.942     8851.116
290  Q.insect+F+I+G4 4299.376     44  8686.752     8699.567     8857.001
291  Q.insect+F+R2 4299.333     44  8686.665     8699.481     8856.915
WARNING: Normalizing state frequencies so that sum of them equals to 1
309  Q.plant       4367.548     23  8781.095     8784.441     8870.089
WARNING: Normalizing state frequencies so that sum of them equals to 1
310  Q.plant+I     4367.497     24  8782.993     8786.641     8875.856
WARNING: Normalizing state frequencies so that sum of them equals to 1
311  Q.plant+G4    4361.300     24  8770.599     8774.247     8863.462
WARNING: Normalizing state frequencies so that sum of them equals to 1
312  Q.plant+I+G4  4361.317     25  8772.633     8776.597     8869.366
WARNING: Normalizing state frequencies so that sum of them equals to 1
313  Q.plant+R2    4360.755     25  8771.509     8775.473     8868.242
WARNING: Normalizing state frequencies so that sum of them equals to 1
331  Q.plant+F     4321.361     42  8726.723     8738.337     8889.233
WARNING: Normalizing state frequencies so that sum of them equals to 1
332  Q.plant+F+I   4321.328     43  8728.655     8740.862     8895.035
WARNING: Normalizing state frequencies so that sum of them equals to 1
333  Q.plant+F+G4  4315.445     43  8716.890     8729.096     8883.269
WARNING: Normalizing state frequencies so that sum of them equals to 1
334  Q.plant+F+I+G4 4315.433     44  8718.865     8731.681     8889.114
WARNING: Normalizing state frequencies so that sum of them equals to 1
335  Q.plant+F+R2  4314.658     44  8717.315     8730.131     8887.564
WARNING: Normalizing state frequencies so that sum of them equals to 1
353  Q.yeast       4384.958     23  8815.916     8819.261     8904.909
WARNING: Normalizing state frequencies so that sum of them equals to 1
354  Q.yeast+I     4384.899     24  8817.797     8821.444     8910.660
WARNING: Normalizing state frequencies so that sum of them equals to 1
355  Q.yeast+G4    4378.683     24  8805.367     8809.014     8898.230
WARNING: Normalizing state frequencies so that sum of them equals to 1
356  Q.yeast+I+G4  4378.679     25  8807.357     8811.321     8904.090
WARNING: Normalizing state frequencies so that sum of them equals to 1
357  Q.yeast+R2    4378.782     25  8807.563     8811.527     8904.296
WARNING: Normalizing state frequencies so that sum of them equals to 1
375  Q.yeast+F     4297.595     42  8679.191     8690.805     8841.701
WARNING: Normalizing state frequencies so that sum of them equals to 1
376  Q.yeast+F+I   4297.556     43  8681.112     8693.318     8847.492
WARNING: Normalizing state frequencies so that sum of them equals to 1
377  Q.yeast+F+G4  4293.258     43  8672.516     8684.722     8838.896
WARNING: Normalizing state frequencies so that sum of them equals to 1
378  Q.yeast+F+I+G4 4293.262     44  8674.525     8687.340     8844.774
WARNING: Normalizing state frequencies so that sum of them equals to 1
379  Q.yeast+F+R2  4293.062     44  8674.123     8686.939     8844.372
397  JTTDCMut      4352.746     23  8751.492     8754.837     8840.486
398  JTTDCMut+I    4352.732     24  8753.465     8757.112     8846.328
399  JTTDCMut+G4   4349.582     24  8747.164     8750.812     8840.027
400  JTTDCMut+I+G4 4349.596     25  8749.192     8753.155     8845.924
401  JTTDCMut+R2   4349.307     25  8748.614     8752.578     8845.347
419  JTTDCMut+F    4313.691     42  8711.382     8722.996     8873.893
420  JTTDCMut+F+I  4313.641     43  8713.282     8725.489     8879.662
421  JTTDCMut+F+G4 4310.671     43  8707.342     8719.549     8873.722
422  JTTDCMut+F+I+G4 4310.651     44  8709.302     8722.117     8879.551
423  JTTDCMut+F+R2 4310.310     44  8708.620     8721.436     8878.869
441  DCMut         4419.925     23  8885.850     8889.196     8974.844
442  DCMut+I       4419.900     24  8887.800     8891.448     8980.664
443  DCMut+G4      4412.036     24  8872.071     8875.719     8964.934
444  DCMut+I+G4    4412.042     25  8874.085     8878.048     8970.817
445  DCMut+R2      4411.747     25  8873.495     8877.458     8970.227
463  DCMut+F       4340.052     42  8764.104     8775.718     8926.615
464  DCMut+F+I     4340.009     43  8766.017     8778.224     8932.397
465  DCMut+F+G4    4331.998     43  8749.996     8762.202     8916.376
466  DCMut+F+I+G4  4332.006     44  8752.012     8764.827     8922.261
467  DCMut+F+R2    4332.067     44  8752.135     8764.950     8922.384
485  VT            4318.786     23  8683.573     8686.918     8772.566
486  VT+I          4318.771     24  8685.541     8689.189     8778.404
487  VT+G4         4318.527     24  8685.054     8688.701     8777.917
488  VT+I+G4       4318.529     25  8687.057     8691.021     8783.790
489  VT+R2         4318.521     25  8687.043     8691.006     8783.775
507  VT+F          4280.586     42  8645.172     8656.786     8807.682
508  VT+F+I        4280.561     43  8647.122     8659.329     8813.502
509  VT+F+G4       4280.392     43  8646.784     8658.991     8813.164
510  VT+F+I+G4     4280.407     44  8648.813     8661.629     8819.062
511  VT+F+R2       4280.403     44  8648.805     8661.621     8819.054
529  PMB           4318.141     23  8682.282     8685.628     8771.276
530  PMB+I         4318.123     24  8684.247     8687.894     8777.110
531  PMB+G4        4318.125     24  8684.250     8687.897     8777.113
532  PMB+I+G4      4318.125     25  8686.250     8690.213     8782.982
533  PMB+R2        4318.304     25  8686.607     8690.571     8783.340
551  PMB+F         4279.401     42  8642.802     8654.416     8805.313
552  PMB+F+I       4279.400     43  8644.799     8657.006     8811.179
553  PMB+F+G4      4279.396     43  8644.793     8656.999     8811.172
554  PMB+F+I+G4    4279.396     44  8646.793     8659.608     8817.042
555  PMB+F+R2      4279.436     44  8646.872     8659.687     8817.121
573  Blosum62      4313.319     23  8672.639     8675.984     8761.632
574  Blosum62+I    4313.316     24  8674.632     8678.280     8767.495
575  Blosum62+G4   4313.303     24  8674.607     8678.254     8767.470
576  Blosum62+I+G4 4313.304     25  8676.608     8680.571     8773.340
577  Blosum62+R2   4313.308     25  8676.616     8680.579     8773.348
595  Blosum62+F    4277.307     42  8638.613     8650.227     8801.124
596  Blosum62+F+I  4277.299     43  8640.597     8652.804     8806.977
597  Blosum62+F+G4 4277.287     43  8640.574     8652.781     8806.954
598  Blosum62+F+I+G4 4277.286     44  8642.572     8655.388     8812.822
599  Blosum62+F+R2 4277.293     44  8642.586     8655.402     8812.835
617  Dayhoff       4419.994     23  8885.987     8889.333     8974.981
618  Dayhoff+I     4419.982     24  8887.963     8891.611     8980.826
619  Dayhoff+G4    4412.089     24  8872.177     8875.824     8965.040
620  Dayhoff+I+G4  4412.085     25  8874.170     8878.133     8970.902
621  Dayhoff+R2    4411.838     25  8873.675     8877.639     8970.408
639  Dayhoff+F     4339.967     42  8763.934     8775.548     8926.445
640  Dayhoff+F+I   4339.927     43  8765.853     8778.060     8932.233
641  Dayhoff+F+G4  4331.932     43  8749.863     8762.069     8916.243
642  Dayhoff+F+I+G4 4331.937     44  8751.873     8764.689     8922.123
643  Dayhoff+F+R2  4332.007     44  8752.013     8764.829     8922.262
661  mtREV         4652.353     23  9350.705     9354.051     9439.699
662  mtREV+I       4652.323     24  9352.645     9356.293     9445.509
663  mtREV+G4      4641.898     24  9331.797     9335.444     9424.660
664  mtREV+I+G4    4641.878     25  9333.755     9337.719     9430.488
665  mtREV+R2      4641.665     25  9333.330     9337.294     9430.063
683  mtREV+F       4342.840     42  8769.680     8781.294     8932.190
684  mtREV+F+I     4342.764     43  8771.528     8783.735     8937.908
685  mtREV+F+G4    4334.466     43  8754.932     8767.139     8921.312
686  mtREV+F+I+G4  4334.448     44  8756.896     8769.712     8927.145
687  mtREV+F+R2    4333.922     44  8755.843     8768.659     8926.092
705  mtART         4697.414     23  9440.828     9444.174     9529.822
706  mtART+I       4697.390     24  9442.780     9446.428     9535.643
707  mtART+G4      4677.660     24  9403.320     9406.968     9496.183
708  mtART+I+G4    4677.653     25  9405.307     9409.270     9502.039
709  mtART+R2      4672.311     25  9394.621     9398.585     9491.354
727  mtART+F       4376.200     42  8836.400     8848.014     8998.911
728  mtART+F+I     4376.162     43  8838.324     8850.530     9004.703
729  mtART+F+G4    4354.316     43  8794.631     8806.838     8961.011
730  mtART+F+I+G4  4354.325     44  8796.651     8809.466     8966.900
731  mtART+F+R2    4351.770     44  8791.541     8804.356     8961.790
749  mtZOA         4597.710     23  9241.420     9244.765     9330.414
750  mtZOA+I       4597.684     24  9243.369     9247.016     9336.232
751  mtZOA+G4      4589.239     24  9226.478     9230.126     9319.341
752  mtZOA+I+G4    4589.241     25  9228.482     9232.445     9325.214
753  mtZOA+R2      4588.442     25  9226.884     9230.848     9323.617
771  mtZOA+F       4338.092     42  8760.183     8771.797     8922.694
772  mtZOA+F+I     4338.054     43  8762.108     8774.315     8928.488
773  mtZOA+F+G4    4325.585     43  8737.169     8749.376     8903.549
774  mtZOA+F+I+G4  4325.554     44  8739.107     8751.923     8909.356
775  mtZOA+F+R2    4325.366     44  8738.732     8751.547     8908.981
793  mtMet         4660.447     23  9366.895     9370.240     9455.888
794  mtMet+I       4660.410     24  9368.820     9372.467     9461.683
795  mtMet+G4      4656.335     24  9360.671     9364.318     9453.534
796  mtMet+I+G4    4656.344     25  9362.689     9366.652     9459.421
797  mtMet+R2      4656.323     25  9362.646     9366.610     9459.379
815  mtMet+F       4340.203     42  8764.406     8776.020     8926.917
816  mtMet+F+I     4340.168     43  8766.335     8778.542     8932.715
817  mtMet+F+G4    4330.528     43  8747.056     8759.263     8913.436
818  mtMet+F+I+G4  4330.537     44  8749.075     8761.890     8919.324
819  mtMet+F+R2    4330.204     44  8748.407     8761.223     8918.657
837  mtVer         4699.671     23  9445.342     9448.687     9534.335
838  mtVer+I       4699.630     24  9447.261     9450.908     9540.124
839  mtVer+G4      4693.239     24  9434.478     9438.125     9527.341
840  mtVer+I+G4    4693.249     25  9436.497     9440.461     9533.230
841  mtVer+R2      4693.480     25  9436.961     9440.924     9533.693
859  mtVer+F       4375.280     42  8834.561     8846.175     8997.071
860  mtVer+F+I     4375.227     43  8836.453     8848.660     9002.833
861  mtVer+F+G4    4361.067     43  8808.135     8820.341     8974.515
862  mtVer+F+I+G4  4361.078     44  8810.157     8822.972     8980.406
863  mtVer+F+R2    4360.770     44  8809.540     8822.356     8979.789
881  mtInv         4698.675     23  9443.349     9446.695     9532.343
882  mtInv+I       4698.661     24  9445.321     9448.969     9538.184
883  mtInv+G4      4696.152     24  9440.304     9443.952     9533.168
884  mtInv+I+G4    4696.152     25  9442.305     9446.268     9539.037
885  mtInv+R2      4696.240     25  9442.480     9446.443     9539.212
903  mtInv+F       4322.509     42  8729.017     8740.631     8891.527
904  mtInv+F+I     4322.476     43  8730.952     8743.158     8897.331
905  mtInv+F+G4    4315.475     43  8716.951     8729.157     8883.331
906  mtInv+F+I+G4  4315.454     44  8718.908     8731.724     8889.157
907  mtInv+F+R2    4315.125     44  8718.250     8731.065     8888.499
925  mtMAM         4711.851     23  9469.702     9473.048     9558.696
926  mtMAM+I       4711.847     24  9471.695     9475.342     9564.558
927  mtMAM+G4      4695.741     24  9439.482     9443.130     9532.346
928  mtMAM+I+G4    4695.735     25  9441.470     9445.434     9538.203
929  mtMAM+R2      4695.982     25  9441.964     9445.927     9538.696
947  mtMAM+F       4404.764     42  8893.529     8905.143     9056.039
948  mtMAM+F+I     4404.726     43  8895.453     8907.659     9061.833
949  mtMAM+F+G4    4379.349     43  8844.699     8856.905     9011.078
950  mtMAM+F+I+G4  4379.345     44  8846.690     8859.506     9016.939
951  mtMAM+F+R2    4376.214     44  8840.427     8853.243     9010.676
WARNING: Normalizing state frequencies so that sum of them equals to 1
969  FLAVI         4455.434     23  8956.867     8960.213     9045.861
WARNING: Normalizing state frequencies so that sum of them equals to 1
970  FLAVI+I       4455.400     24  8958.800     8962.447     9051.663
WARNING: Normalizing state frequencies so that sum of them equals to 1
971  FLAVI+G4      4438.640     24  8925.281     8928.928     9018.144
WARNING: Normalizing state frequencies so that sum of them equals to 1
972  FLAVI+I+G4    4438.684     25  8927.369     8931.332     9024.101
WARNING: Normalizing state frequencies so that sum of them equals to 1
973  FLAVI+R2      4437.255     25  8924.510     8928.474     9021.243
WARNING: Normalizing state frequencies so that sum of them equals to 1
991  FLAVI+F       4397.186     42  8878.372     8889.986     9040.882
WARNING: Normalizing state frequencies so that sum of them equals to 1
992  FLAVI+F+I     4397.141     43  8880.281     8892.488     9046.661
WARNING: Normalizing state frequencies so that sum of them equals to 1
993  FLAVI+F+G4    4378.863     43  8843.727     8855.933     9010.107
WARNING: Normalizing state frequencies so that sum of them equals to 1
994  FLAVI+F+I+G4  4378.829     44  8845.658     8858.474     9015.907
WARNING: Normalizing state frequencies so that sum of them equals to 1
995  FLAVI+F+R2    4377.643     44  8843.286     8856.101     9013.535
1013  HIVb          4388.750     23  8823.499     8826.845     8912.493
1014  HIVb+I        4388.723     24  8825.447     8829.094     8918.310
1015  HIVb+G4       4381.328     24  8810.656     8814.304     8903.519
1016  HIVb+I+G4     4381.296     25  8812.592     8816.555     8909.324
1017  HIVb+R2       4379.682     25  8809.365     8813.328     8906.097
1035  HIVb+F        4353.502     42  8791.003     8802.617     8953.514
1036  HIVb+F+I      4353.457     43  8792.913     8805.120     8959.293
1037  HIVb+F+G4     4344.817     43  8775.633     8787.840     8942.013
1038  HIVb+F+I+G4   4344.793     44  8777.586     8790.402     8947.835
1039  HIVb+F+R2     4343.249     44  8774.499     8787.314     8944.748
1057  HIVw          4540.853     23  9127.707     9131.052     9216.700
1058  HIVw+I        4540.824     24  9129.649     9133.296     9222.512
1059  HIVw+G4       4524.054     24  9096.107     9099.755     9188.970
1060  HIVw+I+G4     4524.055     25  9098.110     9102.073     9194.842
1061  HIVw+R2       4521.202     25  9092.403     9096.367     9189.136
1079  HIVw+F        4417.794     42  8919.589     8931.203     9082.099
1080  HIVw+F+I      4417.700     43  8921.401     8933.607     9087.780
1081  HIVw+F+G4     4399.070     43  8884.140     8896.346     9050.520
1082  HIVw+F+I+G4   4399.031     44  8886.061     8898.877     9056.310
1083  HIVw+F+R2     4397.690     44  8883.380     8896.196     9053.629
1101  FLU           4416.481     23  8878.961     8882.307     8967.955
1102  FLU+I         4416.437     24  8880.875     8884.522     8973.738
1103  FLU+G4        4409.756     24  8867.513     8871.160     8960.376
1104  FLU+I+G4      4409.748     25  8869.496     8873.459     8966.228
1105  FLU+R2        4408.994     25  8867.987     8871.951     8964.720
1123  FLU+F         4340.768     42  8765.535     8777.150     8928.046
1124  FLU+F+I       4340.735     43  8767.470     8779.677     8933.850
1125  FLU+F+G4      4333.114     43  8752.228     8764.434     8918.607
1126  FLU+F+I+G4    4333.094     44  8754.189     8767.004     8924.438
1127  FLU+F+R2      4331.693     44  8751.386     8764.201     8921.635
1145  rtREV         4342.702     23  8731.403     8734.749     8820.397
1146  rtREV+I       4342.660     24  8733.320     8736.968     8826.183
1147  rtREV+G4      4340.431     24  8728.862     8732.510     8821.726
1148  rtREV+I+G4    4340.455     25  8730.909     8734.872     8827.641
1149  rtREV+R2      4340.292     25  8730.585     8734.548     8827.317
1167  rtREV+F       4283.200     42  8650.399     8662.013     8812.910
1168  rtREV+F+I     4283.174     43  8652.347     8664.554     8818.727
1169  rtREV+F+G4    4281.419     43  8648.838     8661.045     8815.218
1170  rtREV+F+I+G4  4281.431     44  8650.862     8663.678     8821.111
1171  rtREV+F+R2    4281.034     44  8650.068     8662.884     8820.317
1189  cpREV         4352.580     23  8751.161     8754.506     8840.155
1190  cpREV+I       4352.561     24  8753.122     8756.769     8845.985
1191  cpREV+G4      4349.224     24  8746.448     8750.095     8839.311
1192  cpREV+I+G4    4349.242     25  8748.484     8752.447     8845.216
1193  cpREV+R2      4348.530     25  8747.060     8751.023     8843.792
1211  cpREV+F       4304.312     42  8692.624     8704.238     8855.134
1212  cpREV+F+I     4304.280     43  8694.559     8706.766     8860.939
1213  cpREV+F+G4    4301.499     43  8688.998     8701.205     8855.378
1214  cpREV+F+I+G4  4301.485     44  8690.970     8703.786     8861.219
1215  cpREV+F+R2    4301.100     44  8690.201     8703.016     8860.450
Akaike Information Criterion:           Blosum62+F
Corrected Akaike Information Criterion: Blosum62+F
Bayesian Information Criterion:         LG
Best-fit model: LG chosen according to BIC

All model information printed to /Users/mful870/Desktop/Structuring_Prot_Universe/Reduced_100set_Pruned56/b_122_1/Crystal_Tree/AU/crystal_aa.fa.model.gz
CPU time for ModelFinder: 12.864 seconds (0h:0m:12s)
Wall-clock time for ModelFinder: 13.142 seconds (0h:0m:13s)

NOTE: 0 MB RAM (0 GB) is required!
Estimate model parameters (epsilon = 0.010)
1. Initial log-likelihood: -4318.876
Optimal log-likelihood: -4312.050
Parameters optimization took 1 rounds (0.009 sec)
Wrote distance file to... 
BEST SCORE FOUND : -4312.050
Total tree length: 24.244

Total number of iterations: 0
CPU time used for tree search: 0.000 sec (0h:0m:0s)
Wall-clock time used for tree search: 0.000 sec (0h:0m:0s)
Total CPU time used: 12.879 sec (0h:0m:12s)
Total wall-clock time used: 13.160 sec (0h:0m:13s)
Reading trees in /Users/mful870/Desktop/Structuring_Prot_Universe/Reduced_100set_Pruned56/b_122_1/Crystal_Tree/AU/AA_plus_TDIboots.tre ...

101 trees detected
Note: 19.041 MB of RAM required!
Creating 10000 bootstrap replicates...
done
Tree 1 / LogL: -4311.518
Tree 2 / LogL: -4321.278
Tree 3 / LogL: -4317.839
Tree 4 / LogL: -4324.926
Tree 5 / LogL: -4317.839
Tree 6 / LogL: -4323.127
Tree 7 / LogL: -4322.210
Tree 8 / LogL: -4330.936
Tree 9 / LogL: -4330.742
Tree 10 / LogL: -4317.807
Tree 11 / LogL: -4316.808
Tree 12 / LogL: -4319.814
Tree 13 / LogL: -4320.607
Tree 14 / LogL: -4317.839
Tree 15 / LogL: -4324.298
Tree 16 / LogL: -4320.545
Tree 17 / LogL: -4336.768
Tree 18 / LogL: -4321.265
Tree 19 / LogL: -4317.807
Tree 20 / LogL: -4329.769
Tree 21 / LogL: -4317.591
Tree 22 / LogL: -4323.737
Tree 23 / LogL: -4317.807
Tree 24 / LogL: -4317.807
Tree 25 / LogL: -4314.692
Tree 26 / LogL: -4324.175
Tree 27 / LogL: -4320.545
Tree 28 / LogL: -4317.807
Tree 29 / LogL: -4317.519
Tree 30 / LogL: -4316.808
Tree 31 / LogL: -4323.758
Tree 32 / LogL: -4317.807
Tree 33 / LogL: -4316.654
Tree 34 / LogL: -4317.839
Tree 35 / LogL: -4317.807
Tree 36 / LogL: -4318.092
Tree 37 / LogL: -4318.794
Tree 38 / LogL: -4317.939
Tree 39 / LogL: -4318.092
Tree 40 / LogL: -4318.595
Tree 41 / LogL: -4320.948
Tree 42 / LogL: -4319.789
Tree 43 / LogL: -4325.120
Tree 44 / LogL: -4335.874
Tree 45 / LogL: -4338.140
Tree 46 / LogL: -4319.836
Tree 47 / LogL: -4319.813
Tree 48 / LogL: -4328.261
Tree 49 / LogL: -4321.960
Tree 50 / LogL: -4320.264
Tree 51 / LogL: -4319.814
Tree 52 / LogL: -4317.642
Tree 53 / LogL: -4311.676
Tree 54 / LogL: -4323.323
Tree 55 / LogL: -4319.424
Tree 56 / LogL: -4319.814
Tree 57 / LogL: -4317.343
Tree 58 / LogL: -4318.092
Tree 59 / LogL: -4325.118
Tree 60 / LogL: -4327.591
Tree 61 / LogL: -4317.939
Tree 62 / LogL: -4328.704
Tree 63 / LogL: -4325.447
Tree 64 / LogL: -4325.944
Tree 65 / LogL: -4323.248
Tree 66 / LogL: -4316.844
Tree 67 / LogL: -4328.947
Tree 68 / LogL: -4326.880
Tree 69 / LogL: -4326.489
Tree 70 / LogL: -4317.807
Tree 71 / LogL: -4317.807
Tree 72 / LogL: -4317.746
Tree 73 / LogL: -4323.125
Tree 74 / LogL: -4323.873
Tree 75 / LogL: -4321.549
Tree 76 / LogL: -4323.190
Tree 77 / LogL: -4317.807
Tree 78 / LogL: -4320.545
Tree 79 / LogL: -4318.765
Tree 80 / LogL: -4327.373
Tree 81 / LogL: -4327.407
Tree 82 / LogL: -4325.452
Tree 83 / LogL: -4317.839
Tree 84 / LogL: -4324.575
Tree 85 / LogL: -4323.916
Tree 86 / LogL: -4319.424
Tree 87 / LogL: -4328.244
Tree 88 / LogL: -4317.663
Tree 89 / LogL: -4317.575
Tree 90 / LogL: -4324.097
Tree 91 / LogL: -4317.838
Tree 92 / LogL: -4317.807
Tree 93 / LogL: -4321.274
Tree 94 / LogL: -4319.835
Tree 95 / LogL: -4317.663
Tree 96 / LogL: -4317.807
Tree 97 / LogL: -4330.949
Tree 98 / LogL: -4326.948
Tree 99 / LogL: -4323.750
Tree 100 / LogL: -4319.789
Tree 101 / LogL: -4317.343
Performing RELL-BP test...
Performing KH and SH test...
Computing pairwise logl difference variance ...
Performing WKH and WSH test...
Performing ELW test...
Performing approximately unbiased (AU) test...
77 MB required for AU test
Generating 10 x 10000 multiscale bootstrap replicates... 1.731 seconds
TreeID	AU	RSS	d	c
1	0.837	7.640	-0.269	0.711
2	0.081	3.690	2.297	0.895
3	0.264	6.402	2.161	1.531
4	0.035	10.007	2.450	0.633
5	0.280	6.176	2.150	1.566
6	0.066	8.357	2.345	0.842
7	0.137	6.017	1.806	0.713
8	0.015	1.716	3.044	0.876
9	0.013	2.766	2.808	0.593
10	0.245	3.851	1.978	1.289
11	0.517	20.832	1.053	1.095 !!!
12	0.218	6.402	1.886	1.108
13	0.081	4.161	2.268	0.867
14	0.263	7.493	2.039	1.405
15	0.086	21.029	2.110	0.744 !!!
16	0.092	3.913	2.190	0.860
17	0.000	0.000	14.504	-4.610
18	0.103	12.552	1.851	0.589
19	0.236	3.639	1.909	1.190
20	0.003	6.795	3.342	0.593
21	0.273	4.835	1.426	0.821
22	0.052	11.095	2.428	0.800
23	0.217	2.047	2.003	1.221
24	0.246	2.261	1.874	1.188
25	0.487	5.728	0.512	0.481
26	0.114	7.480	1.956	0.750
27	0.096	2.971	2.185	0.879
28	0.161	5.811	2.298	1.307
29	0.291	3.279	0.961	0.410
30	0.518	20.211	1.053	1.098 !!!
31	0.025	17.416	2.433	0.475
32	0.234	2.317	1.979	1.254
33	0.457	10.222	1.024	0.916
34	0.334	3.716	1.800	1.372
35	0.212	1.051	2.025	1.225
36	0.180	7.860	1.806	0.891
37	0.179	11.576	2.080	1.159
38	0.213	6.529	1.589	0.792
39	0.160	6.112	1.890	0.894
40	0.124	9.806	2.084	0.928
41	0.138	7.810	1.588	0.500
42	0.213	5.093	1.963	1.166
43	0.012	1.888	3.006	0.763
44	0.009	7.297	2.731	0.381
45	0.007	6.073	2.989	0.517
46	0.138	4.268	2.240	1.149
47	0.218	5.412	1.898	1.121
48	0.020	3.396	2.615	0.561
49	0.143	11.288	1.716	0.647
50	0.123	11.684	1.972	0.811
51	0.177	5.133	2.142	1.214
52	0.246	8.200	1.649	0.962
53	0.810	6.983	-0.025	0.854
54	0.078	5.036	2.045	0.629
55	0.311	5.548	1.593	1.100
56	0.229	7.004	1.873	1.131
57	0.128	10.107	1.674	0.537
58	0.165	7.241	1.858	0.883
59	0.051	4.666	2.322	0.687
60	0.012	2.786	2.912	0.670
61	0.209	6.628	1.596	0.785
62	0.032	4.482	2.842	0.991
63	0.057	8.958	2.157	0.579
64	0.023	2.083	2.536	0.540
65	0.125	3.370	1.584	0.435
66	0.624	14.718	0.473	0.790
67	0.014	10.157	2.843	0.637
68	0.001	1.176	3.776	0.597
69	0.031	3.311	2.953	1.092
70	0.239	1.489	1.952	1.244
71	0.239	3.011	1.888	1.180
72	0.388	6.947	1.279	0.995
73	0.062	12.712	2.374	0.833
74	0.036	4.459	2.714	0.914
75	0.107	6.312	1.700	0.455
76	0.024	8.311	2.857	0.881
77	0.235	4.964	1.897	1.175
78	0.144	6.144	2.015	0.953
79	0.135	4.231	2.113	1.011
80	0.001	1.622	3.401	0.344
81	0.000	2.519	4.354	0.239
82	0.030	9.126	2.313	0.427
83	0.316	8.095	1.998	1.519
84	0.085	7.268	1.930	0.558
85	0.037	6.135	2.592	0.809
86	0.315	6.140	1.595	1.114
87	0.031	12.425	2.316	0.447
88	0.195	3.176	2.103	1.242
89	0.308	10.120	1.616	1.113
90	0.032	4.080	2.591	0.737
91	0.373	3.935	1.685	1.362
92	0.225	4.016	1.920	1.166
93	0.090	2.705	2.245	0.905
94	0.046	2.574	2.689	1.008
95	0.221	4.810	1.822	1.052
96	0.262	3.266	1.865	1.229
97	0.018	7.547	2.593	0.494
98	0.022	2.052	2.801	0.787
99	0.041	8.111	2.543	0.807
100	0.162	8.996	2.120	1.135
101	0.125	10.890	1.685	0.533
Time for AU test: 1.737 seconds
Time for evaluating all trees: 3.996 sec.

Analysis results written to: 
  IQ-TREE report:                /Users/mful870/Desktop/Structuring_Prot_Universe/Reduced_100set_Pruned56/b_122_1/Crystal_Tree/AU/crystal_aa.fa.iqtree
  Maximum-likelihood tree:       /Users/mful870/Desktop/Structuring_Prot_Universe/Reduced_100set_Pruned56/b_122_1/Crystal_Tree/AU/crystal_aa.fa.treefile
  Evaluated user trees:          /Users/mful870/Desktop/Structuring_Prot_Universe/Reduced_100set_Pruned56/b_122_1/Crystal_Tree/AU/crystal_aa.fa.trees
  Screen log file:               /Users/mful870/Desktop/Structuring_Prot_Universe/Reduced_100set_Pruned56/b_122_1/Crystal_Tree/AU/crystal_aa.fa.log

Date and Time: Mon Jun  9 11:16:33 2025
