IQ-TREE multicore version 2.4.0 for MacOS Intel 64-bit built Feb  7 2025
Developed by Bui Quang Minh, Nguyen Lam Tung, Olga Chernomor, Heiko Schmidt,
Dominik Schrempf, Michael Woodhams, Ly Trong Nhan, Thomas Wong

Host:    sc-sbs-383386 (AVX512, FMA3, 32 GB RAM)
Command: /Users/mful870/Bioinformatics_Programs/iqtree-2.4.0-macOS/bin/iqtree2 -redo -te /Users/mful870/Desktop/Structuring_Prot_Universe/Prot_Uni_3di_Evaluation/c_110_1/Crystal_Tree/Partition/Treeing/partition_file.nex.treefile -s /Users/mful870/Desktop/Structuring_Prot_Universe/Prot_Uni_3di_Evaluation/c_110_1/Crystal_Tree/Partition/Treeing/Alns --scfl 100 -blfix -m partition_file.nex.best_model.nex --prefix concord
Seed:    727700 (Using SPRNG - Scalable Parallel Random Number Generator)
Time:    Fri Jun  6 11:50:57 2025
Kernel:  AVX+FMA - 1 threads (16 CPU cores detected)

HINT: Use -nt option to specify number of threads because your CPU has 16 cores!
HINT: -nt AUTO will automatically determine the best number of threads to use.

Reading 2 alignment files in directory /Users/mful870/Desktop/Structuring_Prot_Universe/Prot_Uni_3di_Evaluation/c_110_1/Crystal_Tree/Partition/Treeing/Alns
Reading alignment file /Users/mful870/Desktop/Structuring_Prot_Universe/Prot_Uni_3di_Evaluation/c_110_1/Crystal_Tree/Partition/Treeing/Alns/crystal.tdialn ... Fasta format detected
Reading fasta file: done in 8.01086e-05 secs using 74.9% CPU
Alignment most likely contains protein sequences
Alignment has 8 sequences with 170 columns, 143 distinct patterns
78 parsimony-informative, 46 singleton sites, 46 constant sites
WARNING: Some sequence names are changed as follows:
c_110_1_0+2dbo_A -> c_110_1_0_2dbo_A
c_110_1_1+1jke_A -> c_110_1_1_1jke_A
c_110_1_1+1j7g_A -> c_110_1_1_1j7g_A
c_110_1_0+2okv_A -> c_110_1_0_2okv_A
c_110_1_0+3knf_A -> c_110_1_0_3knf_A
c_110_1_0+4rr6_A -> c_110_1_0_4rr6_A
c_110_1_0+4rrf_A -> c_110_1_0_4rrf_A
c_110_1_2+4s02_A -> c_110_1_2_4s02_A

                  Gap/Ambiguity  Composition  p-value
Analyzing sequences: done in 1.09673e-05 secs using 72.94% CPU
   1  c_110_1_0_2dbo_A   12.94%    passed     99.25%
   2  c_110_1_1_1jke_A   14.71%    passed     98.63%
   3  c_110_1_1_1j7g_A   15.29%    passed     99.65%
   4  c_110_1_0_2okv_A   12.35%    passed     99.22%
   5  c_110_1_0_3knf_A   11.18%    passed     88.42%
   6  c_110_1_0_4rr6_A   19.41%    passed     96.99%
   7  c_110_1_0_4rrf_A   18.24%    passed     99.11%
   8  c_110_1_2_4s02_A   18.82%    passed     98.23%
****  TOTAL              15.37%  0 sequences failed composition chi2 test (p-value<5%; df=19)
Reading alignment file /Users/mful870/Desktop/Structuring_Prot_Universe/Prot_Uni_3di_Evaluation/c_110_1/Crystal_Tree/Partition/Treeing/Alns/crystal_aa.fa ... Fasta format detected
Reading fasta file: done in 5.29289e-05 secs using 86.91% CPU
Alignment most likely contains protein sequences
Alignment has 8 sequences with 170 columns, 169 distinct patterns
98 parsimony-informative, 57 singleton sites, 15 constant sites
WARNING: Some sequence names are changed as follows:
c_110_1_0+2dbo_A -> c_110_1_0_2dbo_A
c_110_1_1+1jke_A -> c_110_1_1_1jke_A
c_110_1_1+1j7g_A -> c_110_1_1_1j7g_A
c_110_1_0+2okv_A -> c_110_1_0_2okv_A
c_110_1_0+3knf_A -> c_110_1_0_3knf_A
c_110_1_0+4rr6_A -> c_110_1_0_4rr6_A
c_110_1_0+4rrf_A -> c_110_1_0_4rrf_A
c_110_1_2+4s02_A -> c_110_1_2_4s02_A

                  Gap/Ambiguity  Composition  p-value
Analyzing sequences: done in 1.00136e-05 secs using 89.88% CPU
   1  c_110_1_0_2dbo_A   12.94%    passed     45.46%
   2  c_110_1_1_1jke_A   14.71%    passed     11.79%
   3  c_110_1_1_1j7g_A   15.29%    passed     81.85%
   4  c_110_1_0_2okv_A   12.35%    passed     92.25%
   5  c_110_1_0_3knf_A   11.18%    failed      0.14%
   6  c_110_1_0_4rr6_A   20.00%    failed      0.40%
   7  c_110_1_0_4rrf_A   18.82%    passed     82.51%
   8  c_110_1_2_4s02_A   19.41%    passed     61.32%
****  TOTAL              15.59%  2 sequences failed composition chi2 test (p-value<5%; df=19)
Reading input tree file /Users/mful870/Desktop/Structuring_Prot_Universe/Prot_Uni_3di_Evaluation/c_110_1/Crystal_Tree/Partition/Treeing/partition_file.nex.treefile ...
WARNING: Default model LG may be under-fitting. Use option '-m TEST' to determine the best-fit model.

NOTE: 0 MB RAM (0 GB) is required!
Estimate model parameters (epsilon = 0.010)
1. Initial log-likelihood: -4730.465
Optimal log-likelihood: -4730.465
Parameters optimization took 1 rounds (0.000 sec)
Wrote distance file to... 
BEST SCORE FOUND : -4730.465
Total tree length: 4.762

Total number of iterations: 0
CPU time used for tree search: 0.000 sec (0h:0m:0s)
Wall-clock time used for tree search: 0.000 sec (0h:0m:0s)
Total CPU time used: 0.009 sec (0h:0m:0s)
Total wall-clock time used: 0.013 sec (0h:0m:0s)
Computing site concordance factor using likelihood...
0.015 sec
Tree with site concordance factors written to concord.cf.tree
Annotated tree (best viewed in FigTree) written to concord.cf.tree.nex
Tree with branch IDs written to concord.cf.branch
Concordance factors per branch printed to concord.cf.stat

Analysis results written to: 
  IQ-TREE report:                concord.iqtree
  Maximum-likelihood tree:       concord.treefile
  Screen log file:               concord.log

Date and Time: Fri Jun  6 11:50:57 2025
