IQ-TREE multicore version 2.4.0 for MacOS Intel 64-bit built Feb  7 2025
Developed by Bui Quang Minh, Nguyen Lam Tung, Olga Chernomor, Heiko Schmidt,
Dominik Schrempf, Michael Woodhams, Ly Trong Nhan, Thomas Wong

Host:    sc-sbs-383386 (AVX512, FMA3, 32 GB RAM)
Command: /Users/mful870/Bioinformatics_Programs/iqtree-2.4.0-macOS/bin/iqtree2 -s /Users/mful870/Desktop/Structuring_Prot_Universe/Reduced_100set_Pruned56/d_122_1/Crystal_Tree/AU/crystal_aa.fa -z /Users/mful870/Desktop/Structuring_Prot_Universe/Reduced_100set_Pruned56/d_122_1/Crystal_Tree/AU/AA_plus_TDIboots.tre -n 0 -zb 10000 -zw -au -redo
Seed:    953245 (Using SPRNG - Scalable Parallel Random Number Generator)
Time:    Mon Jun  9 12:14:26 2025
Kernel:  AVX+FMA - 1 threads (16 CPU cores detected)

HINT: Use -nt option to specify number of threads because your CPU has 16 cores!
HINT: -nt AUTO will automatically determine the best number of threads to use.

Reading alignment file /Users/mful870/Desktop/Structuring_Prot_Universe/Reduced_100set_Pruned56/d_122_1/Crystal_Tree/AU/crystal_aa.fa ... Fasta format detected
Reading fasta file: done in 0.000234127 secs using 86.28% CPU
Alignment most likely contains protein sequences
Alignment has 26 sequences with 372 columns, 300 distinct patterns
217 parsimony-informative, 47 singleton sites, 108 constant sites
WARNING: Some sequence names are changed as follows:
d_122_1_1+1uym_A -> d_122_1_1_1uym_A
d_122_1_1+4gqt_A -> d_122_1_1_4gqt_A
d_122_1_1+2xhx_A -> d_122_1_1_2xhx_A
d_122_1_1+1bgq_A -> d_122_1_1_1bgq_A
d_122_1_1+3k60_A -> d_122_1_1_3k60_A
d_122_1_1+4xc0_A -> d_122_1_1_4xc0_A
d_122_1_1+4x9l_A -> d_122_1_1_4x9l_A
d_122_1_1+1yt2_A -> d_122_1_1_1yt2_A
d_122_1_1+2esa_A -> d_122_1_1_2esa_A
d_122_1_0+5f3k_A -> d_122_1_0_5f3k_A
d_122_1_0+4hz0_A -> d_122_1_0_4hz0_A
d_122_1_2+1s14_A -> d_122_1_2_1s14_A
d_122_1_0+4p8o_A -> d_122_1_0_4p8o_A
d_122_1_0+4urm_A -> d_122_1_0_4urm_A
d_122_1_2+3g7e_A -> d_122_1_2_3g7e_A
d_122_1_0+4em7_A -> d_122_1_0_4em7_A
d_122_1_0+4hz5_A -> d_122_1_0_4hz5_A
d_122_1_0+4b6c_A -> d_122_1_0_4b6c_A
d_122_1_0+4bae_A -> d_122_1_0_4bae_A
d_122_1_0+4urn_A -> d_122_1_0_4urn_A
d_122_1_3+1ys3_A -> d_122_1_3_1ys3_A
d_122_1_3+2c2a_A -> d_122_1_3_2c2a_A
d_122_1_3+1bxd_A -> d_122_1_3_1bxd_A
d_122_1_3+1id0_A -> d_122_1_3_1id0_A
d_122_1_3+1tid_A -> d_122_1_3_1tid_A
d_122_1_3+1r62_A -> d_122_1_3_1r62_A

                  Gap/Ambiguity  Composition  p-value
Analyzing sequences: done in 2.19345e-05 secs using 91.18% CPU
   1  d_122_1_1_1uym_A   43.82%    passed     97.87%
   2  d_122_1_1_4gqt_A   43.82%    passed     70.12%
   3  d_122_1_1_2xhx_A   42.74%    passed     93.02%
   4  d_122_1_1_1bgq_A   42.47%    passed     86.44%
   5  d_122_1_1_3k60_A   41.94%    passed     57.57%
   6  d_122_1_1_4xc0_A   42.74%    passed     57.23%
   7  d_122_1_1_4x9l_A   44.89%    passed     70.45%
   8  d_122_1_1_1yt2_A   39.52%    passed     35.77%
   9  d_122_1_1_2esa_A   40.86%    passed     43.78%
  10  d_122_1_0_5f3k_A   44.89%    passed     81.40%
  11  d_122_1_0_4hz0_A   45.97%    passed      5.64%
  12  d_122_1_2_1s14_A   54.84%    failed      2.01%
  13  d_122_1_0_4p8o_A   50.54%    passed     82.08%
  14  d_122_1_0_4urm_A   47.85%    passed     86.61%
  15  d_122_1_2_3g7e_A   45.43%    passed     70.74%
  16  d_122_1_0_4em7_A   48.12%    passed     94.77%
  17  d_122_1_0_4hz5_A   48.66%    passed     92.79%
  18  d_122_1_0_4b6c_A   56.72%    passed     47.46%
  19  d_122_1_0_4bae_A   50.54%    passed     22.52%
  20  d_122_1_0_4urn_A   49.46%    passed     69.72%
  21  d_122_1_3_1ys3_A   63.17%    failed      0.02%
  22  d_122_1_3_2c2a_A   35.48%    passed     50.29%
  23  d_122_1_3_1bxd_A   56.72%    passed     14.02%
  24  d_122_1_3_1id0_A   60.75%    passed     63.15%
  25  d_122_1_3_1tid_A   63.44%    passed     62.89%
  26  d_122_1_3_1r62_A   63.44%    passed     38.37%
WARNING: 9 sequences contain more than 50% gaps/ambiguity
****  TOTAL              48.80%  2 sequences failed composition chi2 test (p-value<5%; df=19)


Create initial parsimony tree by phylogenetic likelihood library (PLL)... 0.002 seconds
Perform fast likelihood tree search using LG+I+G model...
Estimate model parameters (epsilon = 5.000)
Perform nearest neighbor interchange...
Estimate model parameters (epsilon = 1.000)
1. Initial log-likelihood: -7577.536
Optimal log-likelihood: -7577.338
Proportion of invariable sites: 0.021
Gamma shape alpha: 1.807
Parameters optimization took 1 rounds (0.035 sec)
Time for fast ML tree search: 0.347 seconds

NOTE: ModelFinder requires 12 MB RAM!
ModelFinder will test up to 1232 protein models (sample size: 372 epsilon: 0.100) ...
 No. Model         -LnL         df  AIC          AICc         BIC
  1  LG            7722.917     49  15543.835    15559.052    15735.860
  2  LG+I          7684.559     50  15469.117    15485.005    15665.062
  3  LG+G4         7587.012     50  15274.025    15289.912    15469.969
  4  LG+I+G4       7577.263     51  15256.526    15273.101    15456.390
  5  LG+R2         7603.560     51  15309.121    15325.696    15508.984
  6  LG+R3         7584.390     53  15274.780    15292.780    15482.482
  7  LG+R4         7579.672     55  15269.345    15288.838    15484.884
 14  LG+I+R2       7584.434     52  15272.867    15290.146    15476.650
 15  LG+I+R3       7577.486     54  15262.972    15281.710    15474.592
 16  LG+I+R4       7573.452     56  15258.904    15279.171    15478.362
 26  LG+F+I+G4     7559.500     70  15259.000    15292.023    15533.323
 48  WAG+I+G4      7593.203     51  15288.405    15304.980    15488.269
 70  WAG+F+I+G4    7559.549     70  15259.099    15292.122    15533.421
 92  JTT+I+G4      7657.417     51  15416.834    15433.409    15616.698
114  JTT+F+I+G4    7632.251     70  15404.502    15437.526    15678.825
WARNING: Normalizing state frequencies so that sum of them equals to 1
136  Q.pfam+I+G4   7578.797     51  15259.595    15276.170    15459.459
WARNING: Normalizing state frequencies so that sum of them equals to 1
158  Q.pfam+F+I+G4 7556.074     70  15252.148    15285.171    15526.470
WARNING: Normalizing state frequencies so that sum of them equals to 1
180  Q.bird+I+G4   7812.171     51  15726.342    15742.917    15926.205
WARNING: Normalizing state frequencies so that sum of them equals to 1
202  Q.bird+F+I+G4 7781.424     70  15702.848    15735.871    15977.170
WARNING: Normalizing state frequencies so that sum of them equals to 1
224  Q.mammal+I+G4 7757.718     51  15617.436    15634.011    15817.299
WARNING: Normalizing state frequencies so that sum of them equals to 1
246  Q.mammal+F+I+G4 7721.851     70  15583.703    15616.726    15858.025
268  Q.insect+I+G4 7622.986     51  15347.973    15364.548    15547.836
290  Q.insect+F+I+G4 7596.870     70  15333.740    15366.763    15608.063
WARNING: Normalizing state frequencies so that sum of them equals to 1
312  Q.plant+I+G4  7690.848     51  15483.696    15500.271    15683.560
WARNING: Normalizing state frequencies so that sum of them equals to 1
334  Q.plant+F+I+G4 7668.659     70  15477.318    15510.342    15751.641
WARNING: Normalizing state frequencies so that sum of them equals to 1
356  Q.yeast+I+G4  7612.575     51  15327.149    15343.724    15527.013
WARNING: Normalizing state frequencies so that sum of them equals to 1
378  Q.yeast+F+I+G4 7571.577     70  15283.154    15316.177    15557.477
400  JTTDCMut+I+G4 7654.790     51  15411.581    15428.156    15611.444
422  JTTDCMut+F+I+G4 7629.711     70  15399.421    15432.444    15673.744
444  DCMut+I+G4    7701.375     51  15504.749    15521.324    15704.613
466  DCMut+F+I+G4  7633.941     70  15407.882    15440.905    15682.205
488  VT+I+G4       7585.779     51  15273.558    15290.133    15473.422
510  VT+F+I+G4     7562.731     70  15265.462    15298.486    15539.785
532  PMB+I+G4      7624.332     51  15350.664    15367.239    15550.528
554  PMB+F+I+G4    7580.980     70  15301.959    15334.983    15576.282
576  Blosum62+I+G4 7607.570     51  15317.140    15333.715    15517.003
598  Blosum62+F+I+G4 7565.888     70  15271.777    15304.800    15546.099
620  Dayhoff+I+G4  7701.698     51  15505.395    15521.970    15705.259
642  Dayhoff+F+I+G4 7634.362     70  15408.724    15441.747    15683.046
664  mtREV+I+G4    8100.427     51  16302.854    16319.429    16502.717
686  mtREV+F+I+G4  7699.739     70  15539.478    15572.501    15813.800
708  mtART+I+G4    8193.041     51  16488.081    16504.656    16687.945
730  mtART+F+I+G4  7766.924     70  15673.848    15706.871    15948.170
752  mtZOA+I+G4    8034.871     51  16171.741    16188.316    16371.605
774  mtZOA+F+I+G4  7694.977     70  15529.954    15562.977    15804.276
796  mtMet+I+G4    8146.562     51  16395.123    16411.698    16594.987
818  mtMet+F+I+G4  7728.134     70  15596.268    15629.291    15870.590
840  mtVer+I+G4    8223.156     51  16548.311    16564.886    16748.175
862  mtVer+F+I+G4  7826.085     70  15792.169    15825.192    16066.492
884  mtInv+I+G4    8190.425     51  16482.850    16499.425    16682.714
906  mtInv+F+I+G4  7673.109     70  15486.217    15519.240    15760.540
928  mtMAM+I+G4    8272.685     51  16647.371    16663.946    16847.234
950  mtMAM+F+I+G4  7862.051     70  15864.103    15897.126    16138.425
WARNING: Normalizing state frequencies so that sum of them equals to 1
972  FLAVI+I+G4    7970.424     51  16042.848    16059.423    16242.712
WARNING: Normalizing state frequencies so that sum of them equals to 1
994  FLAVI+F+I+G4  7919.423     70  15978.846    16011.870    16253.169
1016  HIVb+I+G4     7806.168     51  15714.335    15730.910    15914.199
1038  HIVb+F+I+G4   7778.911     70  15697.822    15730.845    15972.144
1060  HIVw+I+G4     8058.338     51  16218.676    16235.251    16418.539
1082  HIVw+F+I+G4   7944.566     70  16029.132    16062.155    16303.455
1104  FLU+I+G4      7747.091     51  15596.183    15612.758    15796.046
1126  FLU+F+I+G4    7710.337     70  15560.674    15593.698    15834.997
1148  rtREV+I+G4    7620.489     51  15342.977    15359.552    15542.841
1170  rtREV+F+I+G4  7556.619     70  15253.239    15286.262    15527.561
1192  cpREV+I+G4    7637.465     51  15376.929    15393.504    15576.793
1214  cpREV+F+I+G4  7609.069     70  15358.139    15391.162    15632.461
Akaike Information Criterion:           Q.pfam+F+I+G4
Corrected Akaike Information Criterion: LG+I+G4
Bayesian Information Criterion:         LG+I+G4
Best-fit model: LG+I+G4 chosen according to BIC

All model information printed to /Users/mful870/Desktop/Structuring_Prot_Universe/Reduced_100set_Pruned56/d_122_1/Crystal_Tree/AU/crystal_aa.fa.model.gz
CPU time for ModelFinder: 14.886 seconds (0h:0m:14s)
Wall-clock time for ModelFinder: 15.125 seconds (0h:0m:15s)

NOTE: 5 MB RAM (0 GB) is required!
Estimate model parameters (epsilon = 0.010)
Thoroughly optimizing +I+G parameters from 10 start values...
Init pinv, alpha: 0.000, 2.001 / Estimate: 0.019, 1.775 / LogL: -7577.260
Init pinv, alpha: 0.032, 2.001 / Estimate: 0.019, 1.781 / LogL: -7577.271
Init pinv, alpha: 0.065, 2.001 / Estimate: 0.019, 1.780 / LogL: -7577.270
Init pinv, alpha: 0.097, 2.001 / Estimate: 0.019, 1.779 / LogL: -7577.265
Init pinv, alpha: 0.129, 2.001 / Estimate: 0.019, 1.780 / LogL: -7577.264
Init pinv, alpha: 0.161, 2.001 / Estimate: 0.019, 1.781 / LogL: -7577.264
Init pinv, alpha: 0.194, 2.001 / Estimate: 0.019, 1.781 / LogL: -7577.263
Init pinv, alpha: 0.226, 2.001 / Estimate: 0.019, 1.782 / LogL: -7577.262
Init pinv, alpha: 0.258, 2.001 / Estimate: 0.019, 1.780 / LogL: -7577.260
Init pinv, alpha: 0.290, 2.001 / Estimate: 0.019, 1.781 / LogL: -7577.259
Optimal pinv,alpha: 0.019, 1.781 / LogL: -7577.259

Parameters optimization took 2.623 sec
Wrote distance file to... 
BEST SCORE FOUND : -7577.259
Total tree length: 32.325

Total number of iterations: 0
CPU time used for tree search: 0.000 sec (0h:0m:0s)
Wall-clock time used for tree search: 0.000 sec (0h:0m:0s)
Total CPU time used: 17.498 sec (0h:0m:17s)
Total wall-clock time used: 17.758 sec (0h:0m:17s)
Reading trees in /Users/mful870/Desktop/Structuring_Prot_Universe/Reduced_100set_Pruned56/d_122_1/Crystal_Tree/AU/AA_plus_TDIboots.tre ...

101 trees detected
Note: 19.624 MB of RAM required!
Creating 10000 bootstrap replicates...
done
Tree 1 / LogL: -7572.440
Tree 2 / LogL: -7774.880
Tree 3 / LogL: -7652.330
Tree 4 / LogL: -7690.448
Tree 5 / LogL: -7643.573
Tree 6 / LogL: -7652.064
Tree 7 / LogL: -7695.091
Tree 8 / LogL: -7683.705
Tree 9 / LogL: -7622.687
Tree 10 / LogL: -7658.144
Tree 11 / LogL: -7662.876
Tree 12 / LogL: -7680.430
Tree 13 / LogL: -7654.084
Tree 14 / LogL: -7688.951
Tree 15 / LogL: -7630.955
Tree 16 / LogL: -7689.049
Tree 17 / LogL: -7675.541
Tree 18 / LogL: -7701.213
Tree 19 / LogL: -7688.484
Tree 20 / LogL: -7692.789
Tree 21 / LogL: -7715.097
Tree 22 / LogL: -7685.058
Tree 23 / LogL: -7703.754
Tree 24 / LogL: -7655.538
Tree 25 / LogL: -7681.632
Tree 26 / LogL: -7632.892
Tree 27 / LogL: -7641.424
Tree 28 / LogL: -7678.144
Tree 29 / LogL: -7689.755
Tree 30 / LogL: -7652.577
Tree 31 / LogL: -7747.393
Tree 32 / LogL: -7646.479
Tree 33 / LogL: -7627.261
Tree 34 / LogL: -7654.888
Tree 35 / LogL: -7719.057
Tree 36 / LogL: -7700.310
Tree 37 / LogL: -7674.120
Tree 38 / LogL: -7686.509
Tree 39 / LogL: -7667.140
Tree 40 / LogL: -7882.948
Tree 41 / LogL: -7680.138
Tree 42 / LogL: -7627.409
Tree 43 / LogL: -7800.182
Tree 44 / LogL: -7648.586
Tree 45 / LogL: -7684.243
Tree 46 / LogL: -7682.897
Tree 47 / LogL: -7746.029
Tree 48 / LogL: -7674.910
Tree 49 / LogL: -7721.155
Tree 50 / LogL: -7686.736
Tree 51 / LogL: -7734.686
Tree 52 / LogL: -7664.757
Tree 53 / LogL: -7693.498
Tree 54 / LogL: -7667.832
Tree 55 / LogL: -7664.126
Tree 56 / LogL: -7662.450
Tree 57 / LogL: -7641.147
Tree 58 / LogL: -7691.631
Tree 59 / LogL: -7748.745
Tree 60 / LogL: -7729.148
Tree 61 / LogL: -7681.165
Tree 62 / LogL: -7722.320
Tree 63 / LogL: -7687.446
Tree 64 / LogL: -7649.835
Tree 65 / LogL: -7642.880
Tree 66 / LogL: -7790.648
Tree 67 / LogL: -7688.889
Tree 68 / LogL: -7938.576
Tree 69 / LogL: -7683.430
Tree 70 / LogL: -7620.444
Tree 71 / LogL: -7655.903
Tree 72 / LogL: -7703.817
Tree 73 / LogL: -7647.999
Tree 74 / LogL: -7721.042
Tree 75 / LogL: -7669.011
Tree 76 / LogL: -7711.656
Tree 77 / LogL: -7889.144
Tree 78 / LogL: -7706.285
Tree 79 / LogL: -7645.465
Tree 80 / LogL: -7653.237
Tree 81 / LogL: -7690.783
Tree 82 / LogL: -7836.802
Tree 83 / LogL: -7691.876
Tree 84 / LogL: -7749.722
Tree 85 / LogL: -7636.101
Tree 86 / LogL: -7874.104
Tree 87 / LogL: -7977.129
Tree 88 / LogL: -7619.252
Tree 89 / LogL: -7655.909
Tree 90 / LogL: -7954.309
Tree 91 / LogL: -7685.005
Tree 92 / LogL: -7656.523
Tree 93 / LogL: -7674.868
Tree 94 / LogL: -7676.392
Tree 95 / LogL: -7674.285
Tree 96 / LogL: -7662.579
Tree 97 / LogL: -7637.451
Tree 98 / LogL: -7682.562
Tree 99 / LogL: -7720.571
Tree 100 / LogL: -7677.958
Tree 101 / LogL: -7664.107
Performing RELL-BP test...
Performing KH and SH test...
Computing pairwise logl difference variance ...
Performing WKH and WSH test...
Performing ELW test...
Performing approximately unbiased (AU) test...
77 MB required for AU test
Generating 10 x 10000 multiscale bootstrap replicates... 1.646 seconds
TreeID	AU	RSS	d	c
1	1.000	7.394	-3.368	0.214
2	0.000	0.024	12.540	-3.591
3	0.000	2.899	4.523	0.231
4	0.000	0.933	3.894	0.515
5	0.000	1.773	4.112	0.147
6	0.000	0.000	10.482	-2.662
7	0.000	0.298	12.048	-3.735
8	0.000	1.458	3.727	0.309
9	0.008	8.682	2.729	0.300
10	0.000	0.014	6.755	-0.892
11	0.000	2.746	4.356	-0.221
12	0.000	2.826	3.635	0.236
13	0.000	0.277	12.585	-3.804
14	0.000	3.058	4.266	0.285
15	0.006	2.604	3.171	0.639
16	0.000	1.513	3.878	0.496
17	0.001	4.418	3.599	0.593
18	0.000	1.043	3.872	0.357
19	0.000	1.478	4.156	0.326
20	0.000	3.502	4.181	0.347
21	0.001	1.191	3.852	0.637
22	0.000	0.109	17.291	-6.309
23	0.000	0.009	8.146	-1.168
24	0.000	1.985	4.085	0.555
25	0.000	4.187	3.969	0.121
26	0.006	2.385	3.202	0.672
27	0.003	3.674	3.214	0.484
28	0.000	0.000	9.949	-2.395
29	0.002	2.270	3.466	0.559
30	0.001	3.148	3.433	0.417
31	0.000	0.086	10.141	-2.457
32	0.000	9.851	4.132	0.167
33	0.000	6.402	3.779	-0.018
34	0.000	0.002	6.338	-0.217
35	0.000	0.052	10.544	-2.597
36	0.000	4.037	3.719	0.203
37	0.000	0.373	6.368	-0.664
38	0.000	0.420	3.904	0.378
39	0.000	2.831	3.812	0.058
40	0.000	0.200	5.601	-0.396
41	0.000	3.517	3.683	0.377
42	0.003	1.988	3.149	0.370
43	0.000	0.000	10.796	-2.655
44	0.000	0.095	11.018	-2.962
45	0.000	0.222	4.066	0.336
46	0.000	0.420	4.233	0.640
47	0.000	0.149	10.932	-2.766
48	0.000	0.920	4.743	-0.052
49	0.000	0.000	10.542	-2.662
50	0.001	2.425	3.756	0.553
51	0.000	0.062	11.386	-3.095
52	0.000	3.732	3.842	0.519
53	0.001	3.787	3.545	0.398
54	0.000	0.000	11.060	-2.947
55	0.000	8.728	3.812	0.358
56	0.000	5.190	4.017	0.279
57	0.002	2.549	3.333	0.380
58	0.002	2.641	3.394	0.546
59	0.000	0.768	4.492	0.148
60	0.000	0.868	3.894	0.219
61	0.000	4.551	3.688	0.377
62	0.000	0.252	4.309	0.036
63	0.001	2.604	3.578	0.490
64	0.000	4.047	4.338	0.176
65	0.000	0.125	14.884	-5.057
66	0.001	0.375	4.056	0.799
67	0.000	0.000	13.377	-4.439
68	0.000	0.526	4.580	0.337
69	0.001	4.408	3.649	0.511
70	0.002	5.235	3.166	0.355
71	0.000	0.091	9.802	-2.281
72	0.000	1.059	4.085	0.366
73	0.000	11.684	3.660	0.162
74	0.000	0.969	3.947	0.441
75	0.005	3.252	3.291	0.742
76	0.000	0.000	14.714	-5.100
77	0.000	0.043	5.861	-0.345
78	0.000	2.376	4.046	0.232
79	0.001	2.312	3.555	0.350
80	0.002	7.778	3.237	0.424
81	0.003	2.276	3.416	0.653
82	0.000	1.904	3.977	0.262
83	0.000	0.794	4.072	0.193
84	0.001	4.395	3.526	0.344
85	0.000	1.511	4.190	0.096
86	0.000	1.482	4.612	0.103
87	0.000	0.000	10.801	-2.798
88	0.001	3.416	3.284	0.263
89	0.000	2.756	4.176	0.315
90	0.000	1.939	4.514	0.141
91	0.003	2.204	3.588	0.851
92	0.000	0.498	4.232	0.272
93	0.000	1.179	4.248	0.498
94	0.000	0.785	4.134	0.695
95	0.001	3.139	3.617	0.565
96	0.000	6.391	4.222	0.420
97	0.000	2.792	3.942	0.041
98	0.000	0.704	3.849	0.556
99	0.000	0.013	12.357	-3.394
100	0.000	0.283	4.252	0.360
101	0.000	0.667	4.673	0.204
Time for AU test: 1.651 seconds
Time for evaluating all trees: 21.619 sec.

Analysis results written to: 
  IQ-TREE report:                /Users/mful870/Desktop/Structuring_Prot_Universe/Reduced_100set_Pruned56/d_122_1/Crystal_Tree/AU/crystal_aa.fa.iqtree
  Maximum-likelihood tree:       /Users/mful870/Desktop/Structuring_Prot_Universe/Reduced_100set_Pruned56/d_122_1/Crystal_Tree/AU/crystal_aa.fa.treefile
  Evaluated user trees:          /Users/mful870/Desktop/Structuring_Prot_Universe/Reduced_100set_Pruned56/d_122_1/Crystal_Tree/AU/crystal_aa.fa.trees
  Screen log file:               /Users/mful870/Desktop/Structuring_Prot_Universe/Reduced_100set_Pruned56/d_122_1/Crystal_Tree/AU/crystal_aa.fa.log

Date and Time: Mon Jun  9 12:15:06 2025
