IQ-TREE multicore version 2.4.0 for MacOS Intel 64-bit built Feb  7 2025
Developed by Bui Quang Minh, Nguyen Lam Tung, Olga Chernomor, Heiko Schmidt,
Dominik Schrempf, Michael Woodhams, Ly Trong Nhan, Thomas Wong

Host:    sc-sbs-383386 (AVX512, FMA3, 32 GB RAM)
Command: /Users/mful870/Bioinformatics_Programs/iqtree-2.4.0-macOS/bin/iqtree2 -s /Users/mful870/Desktop/Structuring_Prot_Universe/Reduced_100set_Pruned56/a_39_2/Crystal_Tree/AU/crystal.tdialn -z /Users/mful870/Desktop/Structuring_Prot_Universe/Reduced_100set_Pruned56/a_39_2/Crystal_Tree/AU/Tdi_plus_AAboots.tre -n 0 -zb 10000 -zw -au -redo
Seed:    405101 (Using SPRNG - Scalable Parallel Random Number Generator)
Time:    Mon Jun  9 11:14:11 2025
Kernel:  AVX+FMA - 1 threads (16 CPU cores detected)

HINT: Use -nt option to specify number of threads because your CPU has 16 cores!
HINT: -nt AUTO will automatically determine the best number of threads to use.

Reading alignment file /Users/mful870/Desktop/Structuring_Prot_Universe/Reduced_100set_Pruned56/a_39_2/Crystal_Tree/AU/crystal.tdialn ... Fasta format detected
Reading fasta file: done in 7.10487e-05 secs using 87.26% CPU
Alignment most likely contains protein sequences
Alignment has 13 sequences with 158 columns, 152 distinct patterns
99 parsimony-informative, 42 singleton sites, 17 constant sites
WARNING: Some sequence names are changed as follows:
a_39_2_1+1qwv_A -> a_39_2_1_1qwv_A
a_39_2_1+1xfr_A -> a_39_2_1_1xfr_A
a_39_2_1+2kph_A -> a_39_2_1_2kph_A
a_39_2_0+2wc6_A -> a_39_2_0_2wc6_A
a_39_2_0+3q8i_A -> a_39_2_0_3q8i_A
a_39_2_1+1oof_A -> a_39_2_1_1oof_A
a_39_2_1+1org_A -> a_39_2_1_1org_A
a_39_2_0+3k1e_A -> a_39_2_0_3k1e_A
a_39_2_0+3ogn_A -> a_39_2_0_3ogn_A
a_39_2_1+3d73_A -> a_39_2_1_3d73_A
a_39_2_0+3r72_A -> a_39_2_0_3r72_A
a_39_2_0+4pt1_A -> a_39_2_0_4pt1_A
a_39_2_1+1c3y_A -> a_39_2_1_1c3y_A

                 Gap/Ambiguity  Composition  p-value
Analyzing sequences: done in 1.09673e-05 secs using 82.06% CPU
   1  a_39_2_1_1qwv_A   10.13%    failed      2.10%
   2  a_39_2_1_1xfr_A   18.99%    passed     80.77%
   3  a_39_2_1_2kph_A   10.13%    passed     22.19%
   4  a_39_2_0_2wc6_A   10.76%    passed     11.78%
   5  a_39_2_0_3q8i_A   22.15%    passed     99.86%
   6  a_39_2_1_1oof_A   21.52%    passed     81.57%
   7  a_39_2_1_1org_A   25.32%    passed     97.80%
   8  a_39_2_0_3k1e_A   21.52%    passed     89.50%
   9  a_39_2_0_3ogn_A   21.52%    passed     98.28%
  10  a_39_2_1_3d73_A   24.68%    passed     93.48%
  11  a_39_2_0_3r72_A   22.78%    passed     95.88%
  12  a_39_2_0_4pt1_A   18.35%    passed     99.69%
  13  a_39_2_1_1c3y_A   31.65%    passed     60.26%
****  TOTAL             19.96%  1 sequences failed composition chi2 test (p-value<5%; df=19)


Create initial parsimony tree by phylogenetic likelihood library (PLL)... 0.001 seconds
Perform fast likelihood tree search using LG+I+G model...
Estimate model parameters (epsilon = 5.000)
Perform nearest neighbor interchange...
Estimate model parameters (epsilon = 1.000)
1. Initial log-likelihood: -3386.065
Optimal log-likelihood: -3386.019
Proportion of invariable sites: 0.037
Gamma shape alpha: 1.215
Parameters optimization took 1 rounds (0.016 sec)
Time for fast ML tree search: 0.060 seconds

NOTE: ModelFinder requires 3 MB RAM!
ModelFinder will test up to 1232 protein models (sample size: 158 epsilon: 0.100) ...
 No. Model         -LnL         df  AIC          AICc         BIC
  1  LG            3482.255     23  7010.510     7018.749     7080.950
  2  LG+I          3448.428     24  6944.856     6953.878     7018.358
  3  LG+G4         3386.802     24  6821.604     6830.626     6895.106
  4  LG+I+G4       3386.012     25  6822.024     6831.873     6898.589
  5  LG+R2         3394.896     25  6839.791     6849.640     6916.356
  6  LG+R3         3386.544     27  6827.088     6838.719     6909.778
  7  LG+R4         3386.222     29  6830.444     6844.037     6919.259
 14  LG+I+R2       3390.513     26  6833.025     6843.743     6912.653
 15  LG+I+R3       3386.004     28  6828.009     6840.598     6913.762
 25  LG+F+G4       2740.136     43  5566.272     5599.465     5697.963
 26  LG+F+I+G4     2739.269     44  5566.539     5601.583     5701.293
 47  WAG+G4        3293.108     24  6634.217     6643.239     6707.719
 48  WAG+I+G4      3292.125     25  6634.250     6644.098     6710.814
 69  WAG+F+G4      2706.982     43  5499.963     5533.156     5631.655
 70  WAG+F+I+G4    2706.168     44  5500.335     5535.380     5635.090
 91  JTT+G4        3348.135     24  6744.269     6753.292     6817.771
 92  JTT+I+G4      3347.088     25  6744.175     6754.024     6820.740
113  JTT+F+G4      2742.163     43  5570.326     5603.519     5702.017
114  JTT+F+I+G4    2740.935     44  5569.870     5604.914     5704.624
WARNING: Normalizing state frequencies so that sum of them equals to 1
135  Q.pfam+G4     3370.684     24  6789.368     6798.391     6862.870
WARNING: Normalizing state frequencies so that sum of them equals to 1
136  Q.pfam+I+G4   3369.850     25  6789.700     6799.548     6866.265
WARNING: Normalizing state frequencies so that sum of them equals to 1
157  Q.pfam+F+G4   2731.176     43  5548.353     5581.546     5680.044
WARNING: Normalizing state frequencies so that sum of them equals to 1
158  Q.pfam+F+I+G4 2730.363     44  5548.726     5583.771     5683.481
WARNING: Normalizing state frequencies so that sum of them equals to 1
179  Q.bird+G4     3409.705     24  6867.410     6876.433     6940.913
WARNING: Normalizing state frequencies so that sum of them equals to 1
180  Q.bird+I+G4   3407.933     25  6865.865     6875.714     6942.430
WARNING: Normalizing state frequencies so that sum of them equals to 1
201  Q.bird+F+G4   2814.497     43  5714.994     5748.187     5846.685
WARNING: Normalizing state frequencies so that sum of them equals to 1
202  Q.bird+F+I+G4 2812.736     44  5713.471     5748.516     5848.226
WARNING: Normalizing state frequencies so that sum of them equals to 1
223  Q.mammal+G4   3356.426     24  6760.852     6769.875     6834.354
WARNING: Normalizing state frequencies so that sum of them equals to 1
224  Q.mammal+I+G4 3355.002     25  6760.005     6769.853     6836.570
WARNING: Normalizing state frequencies so that sum of them equals to 1
245  Q.mammal+F+G4 2781.841     43  5649.681     5682.874     5781.373
WARNING: Normalizing state frequencies so that sum of them equals to 1
246  Q.mammal+F+I+G4 2780.412     44  5648.823     5683.868     5783.578
267  Q.insect+G4   3372.426     24  6792.851     6801.874     6866.354
268  Q.insect+I+G4 3371.572     25  6793.145     6802.993     6869.710
289  Q.insect+F+G4 2720.182     43  5526.365     5559.558     5658.056
290  Q.insect+F+I+G4 2719.276     44  5526.551     5561.596     5661.306
WARNING: Normalizing state frequencies so that sum of them equals to 1
311  Q.plant+G4    3439.437     24  6926.874     6935.897     7000.376
WARNING: Normalizing state frequencies so that sum of them equals to 1
312  Q.plant+I+G4  3438.828     25  6927.657     6937.505     7004.222
WARNING: Normalizing state frequencies so that sum of them equals to 1
333  Q.plant+F+G4  2787.955     43  5661.911     5695.104     5793.602
WARNING: Normalizing state frequencies so that sum of them equals to 1
334  Q.plant+F+I+G4 2785.919     44  5659.838     5694.883     5794.593
WARNING: Normalizing state frequencies so that sum of them equals to 1
355  Q.yeast+G4    3410.533     24  6869.065     6878.088     6942.568
WARNING: Normalizing state frequencies so that sum of them equals to 1
356  Q.yeast+I+G4  3409.891     25  6869.781     6879.630     6946.346
WARNING: Normalizing state frequencies so that sum of them equals to 1
377  Q.yeast+F+G4  2731.556     43  5549.113     5582.306     5680.804
WARNING: Normalizing state frequencies so that sum of them equals to 1
378  Q.yeast+F+I+G4 2730.796     44  5549.592     5584.637     5684.347
399  JTTDCMut+G4   3351.549     24  6751.098     6760.120     6824.600
400  JTTDCMut+I+G4 3350.515     25  6751.030     6760.879     6827.595
421  JTTDCMut+F+G4 2745.630     43  5577.260     5610.453     5708.951
422  JTTDCMut+F+I+G4 2744.366     44  5576.731     5611.776     5711.486
443  DCMut+G4      3324.743     24  6697.487     6706.509     6770.989
444  DCMut+I+G4    3324.030     25  6698.060     6707.909     6774.625
465  DCMut+F+G4    2743.126     43  5572.252     5605.445     5703.943
466  DCMut+F+I+G4  2742.191     44  5572.382     5607.426     5707.136
487  VT+G4         3278.438     24  6604.875     6613.898     6678.377
488  VT+I+G4       3277.062     25  6604.123     6613.972     6680.688
509  VT+F+G4       2698.485     43  5482.970     5516.163     5614.662
510  VT+F+I+G4     2697.529     44  5483.058     5518.103     5617.812
531  PMB+G4        3251.378     24  6550.756     6559.779     6624.259
532  PMB+I+G4      3249.907     25  6549.815     6559.663     6626.380
553  PMB+F+G4      2692.179     43  5470.358     5503.551     5602.050
554  PMB+F+I+G4    2691.286     44  5470.572     5505.616     5605.326
575  Blosum62+G4   3270.647     24  6589.295     6598.317     6662.797
576  Blosum62+I+G4 3269.448     25  6588.896     6598.744     6665.461
597  Blosum62+F+G4 2694.711     43  5475.422     5508.615     5607.113
598  Blosum62+F+I+G4 2693.836     44  5475.672     5510.717     5610.427
619  Dayhoff+G4    3326.176     24  6700.353     6709.375     6773.855
620  Dayhoff+I+G4  3325.455     25  6700.910     6710.759     6777.475
641  Dayhoff+F+G4  2743.892     43  5573.784     5606.977     5705.476
642  Dayhoff+F+I+G4 2742.954     44  5573.908     5608.953     5708.663
663  mtREV+G4      3734.545     24  7517.089     7526.112     7590.591
664  mtREV+I+G4    3732.228     25  7514.456     7524.304     7591.021
685  mtREV+F+G4    2801.944     43  5689.888     5723.081     5821.580
686  mtREV+F+I+G4  2800.439     44  5688.878     5723.922     5823.632
707  mtART+G4      3788.986     24  7625.971     7634.994     7699.474
708  mtART+I+G4    3789.189     25  7628.379     7638.227     7704.944
729  mtART+F+G4    2869.965     43  5825.930     5859.123     5957.621
730  mtART+F+I+G4  2868.005     44  5824.009     5859.054     5958.764
751  mtZOA+G4      3671.905     24  7391.809     7400.832     7465.311
752  mtZOA+I+G4    3672.224     25  7394.448     7404.297     7471.013
773  mtZOA+F+G4    2817.144     43  5720.287     5753.480     5851.979
774  mtZOA+F+I+G4  2815.617     44  5719.234     5754.278     5853.988
795  mtMet+G4      3752.855     24  7553.711     7562.733     7627.213
796  mtMet+I+G4    3752.460     25  7554.920     7564.769     7631.485
817  mtMet+F+G4    2810.461     43  5706.921     5740.114     5838.613
818  mtMet+F+I+G4  2808.972     44  5705.945     5740.989     5840.699
839  mtVer+G4      3847.139     24  7742.279     7751.301     7815.781
840  mtVer+I+G4    3846.504     25  7743.009     7752.857     7819.573
861  mtVer+F+G4    2841.381     43  5768.761     5801.954     5900.453
862  mtVer+F+I+G4  2839.487     44  5766.975     5802.019     5901.729
883  mtInv+G4      3709.029     24  7466.057     7475.080     7539.559
884  mtInv+I+G4    3708.747     25  7467.494     7477.343     7544.059
905  mtInv+F+G4    2785.885     43  5657.770     5690.963     5789.461
906  mtInv+F+I+G4  2784.694     44  5657.388     5692.433     5792.142
927  mtMAM+G4      3889.146     24  7826.292     7835.315     7899.795
928  mtMAM+I+G4    3886.178     25  7822.356     7832.204     7898.921
949  mtMAM+F+G4    2847.698     43  5781.397     5814.590     5913.089
950  mtMAM+F+I+G4  2845.095     44  5778.190     5813.234     5912.944
WARNING: Normalizing state frequencies so that sum of them equals to 1
971  FLAVI+G4      3645.168     24  7338.335     7347.358     7411.837
WARNING: Normalizing state frequencies so that sum of them equals to 1
972  FLAVI+I+G4    3641.074     25  7332.148     7341.997     7408.713
WARNING: Normalizing state frequencies so that sum of them equals to 1
993  FLAVI+F+G4    2844.331     43  5774.661     5807.854     5906.353
WARNING: Normalizing state frequencies so that sum of them equals to 1
994  FLAVI+F+I+G4  2842.980     44  5773.960     5809.004     5908.714
1015  HIVb+G4       3533.924     24  7115.848     7124.870     7189.350
1016  HIVb+I+G4     3531.020     25  7112.040     7121.889     7188.605
1037  HIVb+F+G4     2831.650     43  5749.301     5782.494     5880.992
1038  HIVb+F+I+G4   2829.681     44  5747.361     5782.405     5882.115
1059  HIVw+G4       3724.218     24  7496.437     7505.459     7569.939
1060  HIVw+I+G4     3722.601     25  7495.202     7505.050     7571.766
1081  HIVw+F+G4     2884.609     43  5855.217     5888.410     5986.909
1082  HIVw+F+I+G4   2882.387     44  5852.774     5887.818     5987.528
1103  FLU+G4        3509.241     24  7066.482     7075.505     7139.985
1104  FLU+I+G4      3509.467     25  7068.933     7078.782     7145.498
1125  FLU+F+G4      2785.604     43  5657.207     5690.400     5788.899
1126  FLU+F+I+G4    2785.007     44  5658.014     5693.058     5792.768
1147  rtREV+G4      3360.369     24  6768.737     6777.760     6842.240
1148  rtREV+I+G4    3359.544     25  6769.088     6778.936     6845.652
1169  rtREV+F+G4    2724.006     43  5534.012     5567.205     5665.704
1170  rtREV+F+I+G4  2723.225     44  5534.451     5569.495     5669.205
1191  cpREV+G4      3442.174     24  6932.348     6941.370     7005.850
1192  cpREV+I+G4    3441.462     25  6932.925     6942.773     7009.490
1213  cpREV+F+G4    2752.264     43  5590.528     5623.720     5722.219
1214  cpREV+F+I+G4  2751.097     44  5590.195     5625.239     5724.949
Akaike Information Criterion:           PMB+F+G4
Corrected Akaike Information Criterion: PMB+F+G4
Bayesian Information Criterion:         PMB+F+G4
Best-fit model: PMB+F+G4 chosen according to BIC

All model information printed to /Users/mful870/Desktop/Structuring_Prot_Universe/Reduced_100set_Pruned56/a_39_2/Crystal_Tree/AU/crystal.tdialn.model.gz
CPU time for ModelFinder: 3.985 seconds (0h:0m:3s)
Wall-clock time for ModelFinder: 4.033 seconds (0h:0m:4s)
WARNING: States(s) E, I, K, M rarely appear in alignment and may cause numerical problems

NOTE: 1 MB RAM (0 GB) is required!
Estimate model parameters (epsilon = 0.010)
1. Initial log-likelihood: -2701.082
2. Current log-likelihood: -2693.752
3. Current log-likelihood: -2692.264
4. Current log-likelihood: -2692.182
Optimal log-likelihood: -2692.178
Gamma shape alpha: 1.808
Parameters optimization took 4 rounds (0.058 sec)
Wrote distance file to... 
BEST SCORE FOUND : -2692.178
Total tree length: 7.713

Total number of iterations: 0
CPU time used for tree search: 0.000 sec (0h:0m:0s)
Wall-clock time used for tree search: 0.000 sec (0h:0m:0s)
Total CPU time used: 4.049 sec (0h:0m:4s)
Total wall-clock time used: 4.101 sec (0h:0m:4s)
Reading trees in /Users/mful870/Desktop/Structuring_Prot_Universe/Reduced_100set_Pruned56/a_39_2/Crystal_Tree/AU/Tdi_plus_AAboots.tre ...

101 trees detected
Note: 13.864 MB of RAM required!
Creating 10000 bootstrap replicates...
done
Tree 1 / LogL: -2693.280
Tree 2 / LogL: -2728.948
Tree 3 / LogL: -2732.150
Tree 4 / LogL: -2718.787
Tree 5 / LogL: -2708.448
Tree 6 / LogL: -2719.765
Tree 7 / LogL: -2727.661
Tree 8 / LogL: -2734.495
Tree 9 / LogL: -2733.298
Tree 10 / LogL: -2727.084
Tree 11 / LogL: -2733.291
Tree 12 / LogL: -2716.223
Tree 13 / LogL: -2716.712
Tree 14 / LogL: -2718.101
Tree 15 / LogL: -2734.496
Tree 16 / LogL: -2719.406
Tree 17 / LogL: -2721.392
Tree 18 / LogL: -2722.283
Tree 19 / LogL: -2719.607
Tree 20 / LogL: -2734.909
Tree 21 / LogL: -2730.154
Tree 22 / LogL: -2721.522
Tree 23 / LogL: -2707.096
Tree 24 / LogL: -2730.031
Tree 25 / LogL: -2718.101
Tree 26 / LogL: -2716.224
Tree 27 / LogL: -2723.503
Tree 28 / LogL: -2722.927
Tree 29 / LogL: -2716.833
Tree 30 / LogL: -2719.410
Tree 31 / LogL: -2734.909
Tree 32 / LogL: -2730.989
Tree 33 / LogL: -2720.868
Tree 34 / LogL: -2719.406
Tree 35 / LogL: -2733.015
Tree 36 / LogL: -2715.469
Tree 37 / LogL: -2717.912
Tree 38 / LogL: -2726.392
Tree 39 / LogL: -2733.279
Tree 40 / LogL: -2709.307
Tree 41 / LogL: -2708.468
Tree 42 / LogL: -2706.602
Tree 43 / LogL: -2714.185
Tree 44 / LogL: -2710.394
Tree 45 / LogL: -2732.169
Tree 46 / LogL: -2711.535
Tree 47 / LogL: -2708.842
Tree 48 / LogL: -2723.503
Tree 49 / LogL: -2729.929
Tree 50 / LogL: -2718.626
Tree 51 / LogL: -2718.669
Tree 52 / LogL: -2727.690
Tree 53 / LogL: -2707.769
Tree 54 / LogL: -2724.229
Tree 55 / LogL: -2704.326
Tree 56 / LogL: -2708.468
Tree 57 / LogL: -2719.513
Tree 58 / LogL: -2717.580
Tree 59 / LogL: -2729.658
Tree 60 / LogL: -2709.259
Tree 61 / LogL: -2707.462
Tree 62 / LogL: -2731.726
Tree 63 / LogL: -2719.743
Tree 64 / LogL: -2714.520
Tree 65 / LogL: -2732.815
Tree 66 / LogL: -2715.377
Tree 67 / LogL: -2708.842
Tree 68 / LogL: -2735.748
Tree 69 / LogL: -2726.651
Tree 70 / LogL: -2716.769
Tree 71 / LogL: -2708.083
Tree 72 / LogL: -2717.996
Tree 73 / LogL: -2729.929
Tree 74 / LogL: -2722.697
Tree 75 / LogL: -2717.466
Tree 76 / LogL: -2715.377
Tree 77 / LogL: -2711.580
Tree 78 / LogL: -2723.705
Tree 79 / LogL: -2730.853
Tree 80 / LogL: -2737.447
Tree 81 / LogL: -2719.406
Tree 82 / LogL: -2716.769
Tree 83 / LogL: -2723.900
Tree 84 / LogL: -2717.388
Tree 85 / LogL: -2736.455
Tree 86 / LogL: -2716.623
Tree 87 / LogL: -2718.608
Tree 88 / LogL: -2728.565
Tree 89 / LogL: -2702.138
Tree 90 / LogL: -2716.224
Tree 91 / LogL: -2720.321
Tree 92 / LogL: -2708.030
Tree 93 / LogL: -2708.001
Tree 94 / LogL: -2713.909
Tree 95 / LogL: -2708.083
Tree 96 / LogL: -2718.911
Tree 97 / LogL: -2716.210
Tree 98 / LogL: -2704.750
Tree 99 / LogL: -2716.223
Tree 100 / LogL: -2741.359
Tree 101 / LogL: -2730.351
Performing RELL-BP test...
Performing KH and SH test...
Computing pairwise logl difference variance ...
Performing WKH and WSH test...
Performing ELW test...
Performing approximately unbiased (AU) test...
77 MB required for AU test
Generating 10 x 10000 multiscale bootstrap replicates... 1.147 seconds
TreeID	AU	RSS	d	c
1	0.957	3.236	-1.262	0.451
2	0.000	0.003	7.533	-1.269
3	0.005	2.224	3.280	0.694
4	0.040	6.566	2.557	0.804
5	0.075	17.562	2.409	0.972
6	0.000	0.000	9.264	-2.025
7	0.002	4.395	3.389	0.543
8	0.000	0.013	14.131	-4.406
9	0.003	2.043	3.655	0.851
10	0.000	2.155	4.546	0.097
11	0.003	1.964	3.617	0.886
12	0.115	4.327	1.832	0.633
13	0.007	5.652	3.097	0.656
14	0.003	8.550	3.312	0.520
15	0.000	0.014	14.022	-4.350
16	0.041	8.430	2.614	0.870
17	0.000	4.167	3.791	0.404
18	0.006	3.856	3.122	0.589
19	0.021	4.383	2.478	0.452
20	0.003	8.068	3.291	0.491
21	0.009	5.040	3.128	0.741
22	0.021	8.124	2.671	0.647
23	0.075	6.005	2.013	0.572
24	0.001	1.148	3.959	0.766
25	0.002	7.042	3.372	0.473
26	0.034	7.799	2.590	0.762
27	0.012	6.797	2.669	0.403
28	0.009	3.981	3.216	0.837
29	0.094	6.781	2.064	0.750
30	0.032	7.820	2.646	0.795
31	0.003	8.108	3.291	0.492
32	0.000	0.030	10.548	-2.511
33	0.023	3.356	2.770	0.774
34	0.037	8.016	2.636	0.844
35	0.000	0.363	11.412	-3.068
36	0.014	2.282	2.614	0.417
37	0.005	4.557	3.094	0.522
38	0.004	5.664	3.157	0.494
39	0.000	0.853	4.003	0.392
40	0.100	6.976	2.173	0.890
41	0.027	3.758	2.773	0.842
42	0.235	11.121	1.647	0.925
43	0.006	13.020	3.211	0.705
44	0.062	6.164	2.107	0.568
45	0.000	0.320	5.294	-0.019
46	0.003	1.072	3.339	0.549
47	0.106	5.314	2.398	1.150
48	0.012	6.905	2.666	0.406
49	0.008	8.156	3.265	0.853
50	0.005	2.738	3.160	0.592
51	0.000	0.629	5.112	-0.184
52	0.002	10.088	3.227	0.389
53	0.176	7.083	1.336	0.405
54	0.000	1.725	4.129	0.539
55	0.244	10.616	1.031	0.337
56	0.025	2.579	2.810	0.855
57	0.009	2.484	3.111	0.735
58	0.016	2.509	2.587	0.441
59	0.000	0.538	4.347	0.557
60	0.010	6.014	3.201	0.871
61	0.092	5.037	2.089	0.763
62	0.001	11.811	3.464	0.471
63	0.000	3.284	4.519	0.131
64	0.064	12.868	2.021	0.501
65	0.000	1.207	10.812	-2.930
66	0.028	7.029	2.502	0.587
67	0.094	5.077	2.438	1.123
68	0.008	4.804	3.099	0.706
69	0.013	10.149	2.933	0.697
70	0.002	4.903	3.360	0.500
71	0.130	5.424	2.111	0.983
72	0.015	9.092	2.700	0.518
73	0.005	9.737	3.323	0.758
74	0.009	2.896	3.104	0.751
75	0.018	4.577	2.933	0.844
76	0.028	7.243	2.504	0.591
77	0.031	7.103	2.354	0.488
78	0.006	4.944	2.758	0.263
79	0.001	0.718	3.878	0.752
80	0.009	2.114	3.303	0.939
81	0.040	8.672	2.616	0.868
82	0.002	5.037	3.363	0.496
83	0.018	8.041	2.548	0.444
84	0.006	3.029	2.967	0.468
85	0.000	0.260	11.697	-3.290
86	0.009	11.874	3.040	0.671
87	0.022	2.949	2.695	0.675
88	0.000	1.319	3.884	0.415
89	0.192	9.267	1.366	0.497
90	0.029	8.451	2.611	0.718
91	0.012	12.829	2.520	0.268
92	0.131	10.901	1.983	0.860
93	0.096	11.057	2.321	1.019
94	0.012	12.862	2.823	0.551
95	0.133	5.769	2.145	1.034
96	0.003	2.755	3.278	0.562
97	0.011	6.162	2.715	0.431
98	0.103	4.881	1.726	0.462
99	0.114	4.220	1.836	0.629
100	0.000	0.561	4.964	-0.030
101	0.002	1.055	3.795	0.961
Time for AU test: 1.154 seconds
Time for evaluating all trees: 3.084 sec.

Analysis results written to: 
  IQ-TREE report:                /Users/mful870/Desktop/Structuring_Prot_Universe/Reduced_100set_Pruned56/a_39_2/Crystal_Tree/AU/crystal.tdialn.iqtree
  Maximum-likelihood tree:       /Users/mful870/Desktop/Structuring_Prot_Universe/Reduced_100set_Pruned56/a_39_2/Crystal_Tree/AU/crystal.tdialn.treefile
  Evaluated user trees:          /Users/mful870/Desktop/Structuring_Prot_Universe/Reduced_100set_Pruned56/a_39_2/Crystal_Tree/AU/crystal.tdialn.trees
  Screen log file:               /Users/mful870/Desktop/Structuring_Prot_Universe/Reduced_100set_Pruned56/a_39_2/Crystal_Tree/AU/crystal.tdialn.log

Date and Time: Mon Jun  9 11:14:18 2025
