IQ-TREE multicore version 2.4.0 for MacOS Intel 64-bit built Feb  7 2025
Developed by Bui Quang Minh, Nguyen Lam Tung, Olga Chernomor, Heiko Schmidt,
Dominik Schrempf, Michael Woodhams, Ly Trong Nhan, Thomas Wong

Host:    sc-sbs-383386 (AVX512, FMA3, 32 GB RAM)
Command: /Users/mful870/Bioinformatics_Programs/iqtree-2.4.0-macOS/bin/iqtree2 -s /Users/mful870/Desktop/Structuring_Prot_Universe/Reduced_100set_Pruned56/c_124_1/Crystal_Tree/AU/crystal.tdialn -z /Users/mful870/Desktop/Structuring_Prot_Universe/Reduced_100set_Pruned56/c_124_1/Crystal_Tree/AU/Tdi_plus_AAboots.tre -n 0 -zb 10000 -zw -au -redo
Seed:    381319 (Using SPRNG - Scalable Parallel Random Number Generator)
Time:    Mon Jun  9 11:59:32 2025
Kernel:  AVX+FMA - 1 threads (16 CPU cores detected)

HINT: Use -nt option to specify number of threads because your CPU has 16 cores!
HINT: -nt AUTO will automatically determine the best number of threads to use.

Reading alignment file /Users/mful870/Desktop/Structuring_Prot_Universe/Reduced_100set_Pruned56/c_124_1/Crystal_Tree/AU/crystal.tdialn ... Fasta format detected
Reading fasta file: done in 0.000346899 secs using 87.06% CPU
Alignment most likely contains protein sequences
Alignment has 23 sequences with 661 columns, 569 distinct patterns
303 parsimony-informative, 194 singleton sites, 164 constant sites
WARNING: Some sequence names are changed as follows:
c_124_1_0+4oqp_A -> c_124_1_0_4oqp_A
c_124_1_8+2gnp_A -> c_124_1_8_2gnp_A
c_124_1_0+3kv1_A -> c_124_1_0_3kv1_A
c_124_1_0+4l4y_A -> c_124_1_0_4l4y_A
c_124_1_8+2o0m_A -> c_124_1_8_2o0m_A
c_124_1_8+3efb_A -> c_124_1_8_3efb_A
c_124_1_1+1pbt_A -> c_124_1_1_1pbt_A
c_124_1_1+1ne7_A -> c_124_1_1_1ne7_A
c_124_1_1+4r7t_A -> c_124_1_1_4r7t_A
c_124_1_1+1jt9_A -> c_124_1_1_1jt9_A
c_124_1_8+2r5f_A -> c_124_1_8_2r5f_A
c_124_1_0+5n01_D -> c_124_1_0_5n01_D
c_124_1_3+1poi_B -> c_124_1_3_1poi_B
c_124_1_7+2g40_A -> c_124_1_7_2g40_A
c_124_1_6+1sbq_A -> c_124_1_6_1sbq_A
c_124_1_6+1wkc_A -> c_124_1_6_1wkc_A
c_124_1_2+1poi_A -> c_124_1_2_1poi_A
c_124_1_0+3cdk_A -> c_124_1_0_3cdk_A
c_124_1_0+3rrl_A -> c_124_1_0_3rrl_A
c_124_1_0+5dbn_A -> c_124_1_0_5dbn_A
c_124_1_5+1t9k_A -> c_124_1_5_1t9k_A
c_124_1_5+1vb5_A -> c_124_1_5_1vb5_A
c_124_1_5+1w2w_A -> c_124_1_5_1w2w_A

                  Gap/Ambiguity  Composition  p-value
Analyzing sequences: done in 7.70092e-05 secs using 67.52% CPU
   1  c_124_1_0_4oqp_A   61.57%    passed     53.68%
   2  c_124_1_8_2gnp_A   60.36%    passed     75.22%
   3  c_124_1_0_3kv1_A   61.72%    passed     78.72%
   4  c_124_1_0_4l4y_A   64.15%    passed     48.78%
   5  c_124_1_8_2o0m_A   62.63%    passed     95.29%
   6  c_124_1_8_3efb_A   62.78%    passed     81.62%
   7  c_124_1_1_1pbt_A   66.72%    passed     27.40%
   8  c_124_1_1_1ne7_A   57.49%    passed     50.22%
   9  c_124_1_1_4r7t_A   59.76%    passed     42.81%
  10  c_124_1_1_1jt9_A   62.63%    passed     20.68%
  11  c_124_1_8_2r5f_A   67.02%    passed     95.75%
  12  c_124_1_0_5n01_D   63.69%    failed      3.14%
  13  c_124_1_3_1poi_B   60.67%    passed     12.04%
  14  c_124_1_7_2g40_A   75.19%    passed     75.10%
  15  c_124_1_6_1sbq_A   75.19%    passed     71.63%
  16  c_124_1_6_1wkc_A   74.58%    failed      3.97%
  17  c_124_1_2_1poi_A   52.04%    passed     73.78%
  18  c_124_1_0_3cdk_A   65.36%    passed     13.33%
  19  c_124_1_0_3rrl_A   65.20%    failed      1.70%
  20  c_124_1_0_5dbn_A   67.47%    passed     41.13%
  21  c_124_1_5_1t9k_A   48.56%    passed     44.30%
  22  c_124_1_5_1vb5_A   58.55%    failed      1.56%
  23  c_124_1_5_1w2w_A   68.08%    failed      0.00%
WARNING: 22 sequences contain more than 50% gaps/ambiguity
****  TOTAL              63.54%  5 sequences failed composition chi2 test (p-value<5%; df=19)


Create initial parsimony tree by phylogenetic likelihood library (PLL)... 0.003 seconds
Perform fast likelihood tree search using LG+I+G model...
Estimate model parameters (epsilon = 5.000)
Perform nearest neighbor interchange...
Estimate model parameters (epsilon = 1.000)
1. Initial log-likelihood: -12085.439
2. Current log-likelihood: -12084.402
Optimal log-likelihood: -12083.940
Proportion of invariable sites: 0.013
Gamma shape alpha: 1.862
Parameters optimization took 2 rounds (0.104 sec)
Time for fast ML tree search: 0.776 seconds

NOTE: ModelFinder requires 21 MB RAM!
ModelFinder will test up to 1232 protein models (sample size: 661 epsilon: 0.100) ...
 No. Model         -LnL         df  AIC          AICc         BIC
  1  LG            12218.261    43  24522.523    24528.656    24715.754
  2  LG+I          12201.033    44  24490.065    24496.494    24687.790
  3  LG+G4         12084.198    44  24256.396    24262.824    24454.121
  4  LG+I+G4       12083.568    45  24257.136    24263.868    24459.355
  5  LG+R2         12098.073    45  24286.146    24292.877    24488.365
  6  LG+R3         12081.774    47  24257.548    24264.908    24468.754
  7  LG+R4         12080.611    49  24259.222    24267.242    24479.416
 14  LG+I+R2       12095.490    46  24282.979    24290.021    24489.692
 15  LG+I+R3       12081.666    48  24259.331    24267.018    24475.032
 16  LG+I+R4       12079.050    50  24258.101    24266.462    24482.789
 25  LG+F+G4       11127.653    63  22381.306    22394.814    22664.413
 26  LG+F+I+G4     11123.636    64  22375.273    22389.232    22662.873
 47  WAG+G4        11810.957    44  23709.914    23716.342    23907.639
 48  WAG+I+G4      11808.256    45  23706.511    23713.243    23908.730
 69  WAG+F+G4      11004.471    63  22134.942    22148.450    22418.049
 70  WAG+F+I+G4    10998.701    64  22125.402    22139.362    22413.002
 91  JTT+G4        11941.365    44  23970.731    23977.159    24168.456
 92  JTT+I+G4      11940.898    45  23971.796    23978.528    24174.015
113  JTT+F+G4      11098.974    63  22323.949    22337.456    22607.055
114  JTT+F+I+G4    11094.733    64  22317.466    22331.426    22605.066
WARNING: Normalizing state frequencies so that sum of them equals to 1
135  Q.pfam+G4     12009.907    44  24107.813    24114.242    24305.538
WARNING: Normalizing state frequencies so that sum of them equals to 1
136  Q.pfam+I+G4   12009.381    45  24108.761    24115.493    24310.980
WARNING: Normalizing state frequencies so that sum of them equals to 1
157  Q.pfam+F+G4   11072.011    63  22270.022    22283.530    22553.129
WARNING: Normalizing state frequencies so that sum of them equals to 1
158  Q.pfam+F+I+G4 11068.281    64  22264.562    22278.522    22552.162
WARNING: Normalizing state frequencies so that sum of them equals to 1
179  Q.bird+G4     12179.397    44  24446.795    24453.223    24644.520
WARNING: Normalizing state frequencies so that sum of them equals to 1
180  Q.bird+I+G4   12179.624    45  24449.248    24455.980    24651.467
WARNING: Normalizing state frequencies so that sum of them equals to 1
201  Q.bird+F+G4   11357.362    63  22840.725    22854.232    23123.831
WARNING: Normalizing state frequencies so that sum of them equals to 1
202  Q.bird+F+I+G4 11355.098    64  22838.196    22852.156    23125.797
WARNING: Normalizing state frequencies so that sum of them equals to 1
223  Q.mammal+G4   12037.629    44  24163.258    24169.687    24360.984
WARNING: Normalizing state frequencies so that sum of them equals to 1
224  Q.mammal+I+G4 12037.301    45  24164.603    24171.334    24366.822
WARNING: Normalizing state frequencies so that sum of them equals to 1
245  Q.mammal+F+G4 11252.904    63  22631.807    22645.315    22914.914
WARNING: Normalizing state frequencies so that sum of them equals to 1
246  Q.mammal+F+I+G4 11249.175    64  22626.349    22640.309    22913.949
267  Q.insect+G4   12122.998    44  24333.997    24340.425    24531.722
268  Q.insect+I+G4 12121.964    45  24333.928    24340.659    24536.146
289  Q.insect+F+G4 11079.409    63  22284.818    22298.326    22567.924
290  Q.insect+F+I+G4 11074.028    64  22276.056    22290.016    22563.657
WARNING: Normalizing state frequencies so that sum of them equals to 1
311  Q.plant+G4    12287.454    44  24662.907    24669.336    24860.633
WARNING: Normalizing state frequencies so that sum of them equals to 1
312  Q.plant+I+G4  12287.044    45  24664.088    24670.820    24866.307
WARNING: Normalizing state frequencies so that sum of them equals to 1
333  Q.plant+F+G4  11347.942    63  22821.884    22835.392    23104.991
WARNING: Normalizing state frequencies so that sum of them equals to 1
334  Q.plant+F+I+G4 11343.067    64  22814.134    22828.094    23101.734
WARNING: Normalizing state frequencies so that sum of them equals to 1
355  Q.yeast+G4    12264.424    44  24616.847    24623.276    24814.572
WARNING: Normalizing state frequencies so that sum of them equals to 1
356  Q.yeast+I+G4  12264.339    45  24618.679    24625.410    24820.897
WARNING: Normalizing state frequencies so that sum of them equals to 1
377  Q.yeast+F+G4  11122.222    63  22370.443    22383.951    22653.550
WARNING: Normalizing state frequencies so that sum of them equals to 1
378  Q.yeast+F+I+G4 11118.646    64  22365.292    22379.252    22652.892
399  JTTDCMut+G4   11948.548    44  23985.096    23991.524    24182.821
400  JTTDCMut+I+G4 11947.941    45  23985.883    23992.614    24188.102
421  JTTDCMut+F+G4 11111.335    63  22348.670    22362.177    22631.776
422  JTTDCMut+F+I+G4 11106.924    64  22341.848    22355.807    22629.448
443  DCMut+G4      12016.206    44  24120.412    24126.841    24318.137
444  DCMut+I+G4    12013.587    45  24117.173    24123.905    24319.392
465  DCMut+F+G4    11228.871    63  22583.741    22597.249    22866.848
466  DCMut+F+I+G4  11222.022    64  22572.044    22586.004    22859.644
487  VT+G4         11755.223    44  23598.447    23604.875    23796.172
488  VT+I+G4       11753.566    45  23597.132    23603.864    23799.351
509  VT+F+G4       10911.050    63  21948.101    21961.608    22231.207
510  VT+F+I+G4     10906.325    64  21940.650    21954.610    22228.251
531  PMB+G4        11672.202    44  23432.404    23438.833    23630.129
532  PMB+I+G4      11669.628    45  23429.256    23435.988    23631.475
553  PMB+F+G4      10861.182    63  21848.364    21861.871    22131.470
554  PMB+F+I+G4    10855.559    64  21839.117    21853.077    22126.718
575  Blosum62+G4   11755.843    44  23599.686    23606.115    23797.411
576  Blosum62+I+G4 11753.009    45  23596.018    23602.750    23798.237
597  Blosum62+F+G4 10908.585    63  21943.171    21956.678    22226.277
598  Blosum62+F+I+G4 10902.374    64  21932.749    21946.708    22220.349
619  Dayhoff+G4    12020.112    44  24128.224    24134.653    24325.949
620  Dayhoff+I+G4  12017.515    45  24125.030    24131.762    24327.249
641  Dayhoff+F+G4  11232.133    63  22590.266    22603.773    22873.372
642  Dayhoff+F+I+G4 11225.296    64  22578.593    22592.552    22866.193
663  mtREV+G4      13215.163    44  26518.326    26524.755    26716.052
664  mtREV+I+G4    13214.764    45  26519.529    26526.261    26721.748
685  mtREV+F+G4    11532.028    63  23190.056    23203.564    23473.163
686  mtREV+F+I+G4  11525.797    64  23179.594    23193.553    23467.194
707  mtART+G4      13557.442    44  27202.883    27209.312    27400.608
708  mtART+I+G4    13557.437    45  27204.874    27211.606    27407.093
729  mtART+F+G4    11832.137    63  23790.275    23803.782    24073.381
730  mtART+F+I+G4  11828.176    64  23784.352    23798.312    24071.952
751  mtZOA+G4      13063.822    44  26215.644    26222.072    26413.369
752  mtZOA+I+G4    13064.087    45  26218.173    26224.905    26420.392
773  mtZOA+F+G4    11566.001    63  23258.001    23271.509    23541.108
774  mtZOA+F+I+G4  11562.978    64  23253.957    23267.917    23541.557
795  mtMet+G4      13346.037    44  26780.073    26786.502    26977.798
796  mtMet+I+G4    13346.323    45  26782.646    26789.378    26984.865
817  mtMet+F+G4    11521.872    63  23169.743    23183.251    23452.850
818  mtMet+F+I+G4  11518.064    64  23164.127    23178.087    23451.727
839  mtVer+G4      13492.262    44  27072.525    27078.953    27270.250
840  mtVer+I+G4    13492.474    45  27074.949    27081.680    27277.168
861  mtVer+F+G4    11676.077    63  23478.154    23491.661    23761.260
862  mtVer+F+I+G4  11669.432    64  23466.864    23480.823    23754.464
883  mtInv+G4      13349.063    44  26786.126    26792.555    26983.852
884  mtInv+I+G4    13349.352    45  26788.703    26795.435    26990.922
905  mtInv+F+G4    11437.692    63  23001.384    23014.892    23284.491
906  mtInv+F+I+G4  11433.691    64  22995.382    23009.342    23282.982
927  mtMAM+G4      13746.032    44  27580.064    27586.492    27777.789
928  mtMAM+I+G4    13746.018    45  27582.035    27588.767    27784.254
949  mtMAM+F+G4    11879.935    63  23885.870    23899.378    24168.977
950  mtMAM+F+I+G4  11867.614    64  23863.228    23877.188    24150.828
WARNING: Normalizing state frequencies so that sum of them equals to 1
971  FLAVI+G4      12834.469    44  25756.938    25763.366    25954.663
WARNING: Normalizing state frequencies so that sum of them equals to 1
972  FLAVI+I+G4    12834.815    45  25759.629    25766.361    25961.848
WARNING: Normalizing state frequencies so that sum of them equals to 1
993  FLAVI+F+G4    11625.626    63  23377.252    23390.760    23660.359
WARNING: Normalizing state frequencies so that sum of them equals to 1
994  FLAVI+F+I+G4  11618.833    64  23365.665    23379.625    23653.265
1015  HIVb+G4       12465.121    44  25018.242    25024.670    25215.967
1016  HIVb+I+G4     12464.370    45  25018.739    25025.471    25220.958
1037  HIVb+F+G4     11464.495    63  23054.991    23068.498    23338.097
1038  HIVb+F+I+G4   11458.180    64  23044.361    23058.320    23331.961
1059  HIVw+G4       13027.582    44  26143.164    26149.592    26340.889
1060  HIVw+I+G4     13027.297    45  26144.594    26151.325    26346.813
1081  HIVw+F+G4     11612.983    63  23351.966    23365.474    23635.073
1082  HIVw+F+I+G4   11609.530    64  23347.060    23361.020    23634.660
1103  FLU+G4        12477.154    44  25042.307    25048.736    25240.032
1104  FLU+I+G4      12477.457    45  25044.914    25051.645    25247.132
1125  FLU+F+G4      11362.238    63  22850.476    22863.984    23133.583
1126  FLU+F+I+G4    11359.338    64  22846.675    22860.635    23134.276
1147  rtREV+G4      12120.259    44  24328.518    24334.947    24526.244
1148  rtREV+I+G4    12119.247    45  24328.494    24335.225    24530.713
1169  rtREV+F+G4    11169.615    63  22465.229    22478.737    22748.336
1170  rtREV+F+I+G4  11164.326    64  22456.651    22470.611    22744.252
1191  cpREV+G4      12245.315    44  24578.631    24585.059    24776.356
1192  cpREV+I+G4    12243.841    45  24577.683    24584.414    24779.902
1213  cpREV+F+G4    11207.752    63  22541.504    22555.012    22824.611
1214  cpREV+F+I+G4  11202.090    64  22532.181    22546.141    22819.781
Akaike Information Criterion:           PMB+F+I+G4
Corrected Akaike Information Criterion: PMB+F+I+G4
Bayesian Information Criterion:         PMB+F+I+G4
Best-fit model: PMB+F+I+G4 chosen according to BIC

All model information printed to /Users/mful870/Desktop/Structuring_Prot_Universe/Reduced_100set_Pruned56/c_124_1/Crystal_Tree/AU/crystal.tdialn.model.gz
CPU time for ModelFinder: 32.960 seconds (0h:0m:32s)
Wall-clock time for ModelFinder: 33.385 seconds (0h:0m:33s)

NOTE: 8 MB RAM (0 GB) is required!
Estimate model parameters (epsilon = 0.010)
Thoroughly optimizing +I+G parameters from 10 start values...
Init pinv, alpha: 0.000, 1.714 / Estimate: 0.010, 3.693 / LogL: -10855.555
Init pinv, alpha: 0.028, 1.714 / Estimate: 0.011, 3.713 / LogL: -10855.556
Init pinv, alpha: 0.055, 1.714 / Estimate: 0.011, 3.714 / LogL: -10855.557
Init pinv, alpha: 0.083, 1.714 / Estimate: 0.011, 3.714 / LogL: -10855.555
Init pinv, alpha: 0.110, 1.714 / Estimate: 0.011, 3.713 / LogL: -10855.556
Init pinv, alpha: 0.138, 1.714 / Estimate: 0.011, 3.715 / LogL: -10855.558
Init pinv, alpha: 0.165, 1.714 / Estimate: 0.011, 3.712 / LogL: -10855.555
Init pinv, alpha: 0.193, 1.714 / Estimate: 0.011, 3.714 / LogL: -10855.555
Init pinv, alpha: 0.221, 1.714 / Estimate: 0.011, 3.715 / LogL: -10855.556
Init pinv, alpha: 0.248, 1.714 / Estimate: 0.011, 3.712 / LogL: -10855.556
Optimal pinv,alpha: 0.011, 3.712 / LogL: -10855.555

Parameters optimization took 6.467 sec
Wrote distance file to... 
BEST SCORE FOUND : -10855.555
Total tree length: 13.708

Total number of iterations: 0
CPU time used for tree search: 0.000 sec (0h:0m:0s)
Wall-clock time used for tree search: 0.000 sec (0h:0m:0s)
Total CPU time used: 39.342 sec (0h:0m:39s)
Total wall-clock time used: 39.864 sec (0h:0m:39s)
Reading trees in /Users/mful870/Desktop/Structuring_Prot_Universe/Reduced_100set_Pruned56/c_124_1/Crystal_Tree/AU/Tdi_plus_AAboots.tre ...

101 trees detected
Note: 30.095 MB of RAM required!
Creating 10000 bootstrap replicates...
done
Tree 1 / LogL: -10853.899
Tree 2 / LogL: -10868.746
Tree 3 / LogL: -10886.064
Tree 4 / LogL: -10897.108
Tree 5 / LogL: -10898.264
Tree 6 / LogL: -10908.780
Tree 7 / LogL: -10910.914
Tree 8 / LogL: -10932.820
Tree 9 / LogL: -10891.177
Tree 10 / LogL: -10885.196
Tree 11 / LogL: -10873.632
Tree 12 / LogL: -10882.172
Tree 13 / LogL: -10872.505
Tree 14 / LogL: -10916.275
Tree 15 / LogL: -10921.864
Tree 16 / LogL: -10926.247
Tree 17 / LogL: -10891.815
Tree 18 / LogL: -10875.727
Tree 19 / LogL: -10890.395
Tree 20 / LogL: -10895.801
Tree 21 / LogL: -10884.865
Tree 22 / LogL: -10895.825
Tree 23 / LogL: -10879.791
Tree 24 / LogL: -10906.236
Tree 25 / LogL: -10936.223
Tree 26 / LogL: -10918.843
Tree 27 / LogL: -10939.589
Tree 28 / LogL: -10895.837
Tree 29 / LogL: -10916.362
Tree 30 / LogL: -10897.951
Tree 31 / LogL: -10894.882
Tree 32 / LogL: -10895.051
Tree 33 / LogL: -10881.635
Tree 34 / LogL: -10895.858
Tree 35 / LogL: -10883.169
Tree 36 / LogL: -10901.782
Tree 37 / LogL: -10892.780
Tree 38 / LogL: -10887.649
Tree 39 / LogL: -10919.200
Tree 40 / LogL: -10891.295
Tree 41 / LogL: -10903.465
Tree 42 / LogL: -10889.121
Tree 43 / LogL: -10884.176
Tree 44 / LogL: -10885.430
Tree 45 / LogL: -10904.469
Tree 46 / LogL: -10880.533
Tree 47 / LogL: -10908.602
Tree 48 / LogL: -10897.107
Tree 49 / LogL: -10908.569
Tree 50 / LogL: -10883.584
Tree 51 / LogL: -10916.123
Tree 52 / LogL: -10904.640
Tree 53 / LogL: -10879.905
Tree 54 / LogL: -10911.426
Tree 55 / LogL: -10903.328
Tree 56 / LogL: -10907.298
Tree 57 / LogL: -10921.153
Tree 58 / LogL: -10897.126
Tree 59 / LogL: -10912.378
Tree 60 / LogL: -10905.643
Tree 61 / LogL: -10921.030
Tree 62 / LogL: -10895.533
Tree 63 / LogL: -10895.485
Tree 64 / LogL: -10888.256
Tree 65 / LogL: -10893.417
Tree 66 / LogL: -10916.954
Tree 67 / LogL: -10883.341
Tree 68 / LogL: -10883.894
Tree 69 / LogL: -10912.095
Tree 70 / LogL: -10887.074
Tree 71 / LogL: -10867.142
Tree 72 / LogL: -10889.320
Tree 73 / LogL: -10902.528
Tree 74 / LogL: -10874.466
Tree 75 / LogL: -10892.832
Tree 76 / LogL: -10889.889
Tree 77 / LogL: -10879.434
Tree 78 / LogL: -10885.440
Tree 79 / LogL: -10867.919
Tree 80 / LogL: -10913.207
Tree 81 / LogL: -10908.792
Tree 82 / LogL: -10884.589
Tree 83 / LogL: -10917.059
Tree 84 / LogL: -10885.466
Tree 85 / LogL: -10884.583
Tree 86 / LogL: -10896.422
Tree 87 / LogL: -10879.642
Tree 88 / LogL: -10899.210
Tree 89 / LogL: -10900.396
Tree 90 / LogL: -10912.425
Tree 91 / LogL: -10908.904
Tree 92 / LogL: -10872.118
Tree 93 / LogL: -10945.810
Tree 94 / LogL: -10887.092
Tree 95 / LogL: -10931.458
Tree 96 / LogL: -10920.148
Tree 97 / LogL: -10937.462
Tree 98 / LogL: -10892.669
Tree 99 / LogL: -10919.113
Tree 100 / LogL: -10952.742
Tree 101 / LogL: -10887.695
Performing RELL-BP test...
Performing KH and SH test...
Computing pairwise logl difference variance ...
Performing WKH and WSH test...
Performing ELW test...
Performing approximately unbiased (AU) test...
77 MB required for AU test
Generating 10 x 10000 multiscale bootstrap replicates... 2.574 seconds
TreeID	AU	RSS	d	c
1	0.942	5.805	-0.927	0.640
2	0.513	8.141	0.659	0.692
3	0.068	13.251	2.150	0.657
4	0.000	0.315	12.838	-3.877
5	0.002	9.362	3.184	0.345
6	0.003	4.184	3.197	0.434
7	0.004	5.517	3.306	0.624
8	0.000	1.007	4.431	0.351
9	0.058	6.784	2.048	0.476
10	0.082	7.859	2.196	0.806
11	0.080	8.830	2.141	0.740
12	0.002	2.939	3.531	0.716
13	0.331	7.308	1.284	0.846
14	0.000	1.908	3.919	0.440
15	0.008	7.354	2.848	0.444
16	0.013	2.301	3.025	0.785
17	0.078	12.455	1.937	0.515
18	0.191	6.840	1.474	0.600
19	0.000	4.093	4.143	0.345
20	0.026	4.488	2.298	0.351
21	0.133	5.461	1.819	0.705
22	0.008	18.039	2.885	0.463
23	0.064	4.811	2.280	0.757
24	0.002	0.642	3.661	0.787
25	0.000	5.729	3.912	0.507
26	0.018	5.522	2.953	0.862
27	0.000	1.013	4.728	0.071
28	0.056	13.121	2.193	0.606
29	0.000	2.629	4.229	0.131
30	0.048	14.258	2.489	0.820
31	0.013	4.431	2.855	0.634
32	0.013	14.560	2.910	0.692
33	0.187	9.249	1.535	0.645
34	0.089	10.614	2.189	0.840
35	0.157	6.045	1.610	0.602
36	0.000	1.040	4.255	0.294
37	0.064	7.371	2.311	0.789
38	0.029	3.884	2.863	0.968
39	0.037	6.750	2.794	1.011
40	0.037	23.205	2.402	0.614 !!!
41	0.038	11.024	2.361	0.586
42	0.004	8.877	3.148	0.530
43	0.094	5.707	2.113	0.799
44	0.082	5.853	1.968	0.576
45	0.009	5.462	3.151	0.774
46	0.029	8.006	2.682	0.779
47	0.001	1.838	3.819	0.684
48	0.003	7.943	3.377	0.611
49	0.000	0.194	12.493	-3.693
50	0.123	7.248	1.779	0.618
51	0.005	2.645	3.494	0.901
52	0.001	0.680	3.760	0.763
53	0.106	6.045	2.047	0.801
54	0.001	0.962	3.610	0.633
55	0.019	3.390	2.992	0.912
56	0.020	5.129	2.724	0.677
57	0.008	2.477	3.137	0.736
58	0.000	0.674	4.486	0.349
59	0.000	0.748	3.990	0.551
60	0.000	0.000	10.638	-2.780
61	0.000	0.001	17.649	-6.029
62	0.028	7.465	2.621	0.705
63	0.046	6.778	2.504	0.819
64	0.096	15.764	2.126	0.822
65	0.000	0.621	4.521	0.104
66	0.001	2.045	3.940	0.697
67	0.060	8.868	2.342	0.783
68	0.076	14.512	2.184	0.754
69	0.000	0.051	14.633	-4.615
70	0.101	5.051	2.097	0.819
71	0.540	7.345	0.731	0.832
72	0.090	11.152	1.993	0.653
73	0.000	1.359	3.873	0.440
74	0.237	10.869	1.465	0.750
75	0.097	16.872	2.212	0.911
76	0.038	3.705	2.792	1.021
77	0.164	15.289	1.744	0.767
78	0.048	2.421	2.339	0.674
79	0.252	11.115	1.247	0.579
80	0.000	1.555	4.206	0.484
81	0.000	1.131	4.301	0.454
82	0.084	3.949	2.266	0.885
83	0.001	1.286	3.803	0.549
84	0.091	6.092	2.052	0.717
85	0.104	3.667	2.378	1.117
86	0.033	3.142	2.275	0.437
87	0.155	11.075	1.688	0.673
88	0.009	3.065	2.764	0.406
89	0.015	5.047	2.897	0.719
90	0.000	1.409	4.128	0.465
91	0.048	4.956	2.456	0.794
92	0.264	4.243	1.215	0.585
93	0.000	0.000	8.673	-1.453
94	0.064	4.142	2.150	0.632
95	0.000	0.526	4.613	0.305
96	0.000	0.148	13.054	-3.929
97	0.002	1.060	3.782	0.956
98	0.014	1.622	2.983	0.780
99	0.000	1.137	4.585	-0.053
100	0.000	0.042	13.112	-4.006
101	0.038	4.649	2.268	0.496
Time for AU test: 2.581 seconds
Time for evaluating all trees: 15.956 sec.

Analysis results written to: 
  IQ-TREE report:                /Users/mful870/Desktop/Structuring_Prot_Universe/Reduced_100set_Pruned56/c_124_1/Crystal_Tree/AU/crystal.tdialn.iqtree
  Maximum-likelihood tree:       /Users/mful870/Desktop/Structuring_Prot_Universe/Reduced_100set_Pruned56/c_124_1/Crystal_Tree/AU/crystal.tdialn.treefile
  Evaluated user trees:          /Users/mful870/Desktop/Structuring_Prot_Universe/Reduced_100set_Pruned56/c_124_1/Crystal_Tree/AU/crystal.tdialn.trees
  Screen log file:               /Users/mful870/Desktop/Structuring_Prot_Universe/Reduced_100set_Pruned56/c_124_1/Crystal_Tree/AU/crystal.tdialn.log

Date and Time: Mon Jun  9 12:00:28 2025
