IQ-TREE multicore version 2.4.0 for MacOS Intel 64-bit built Feb  7 2025
Developed by Bui Quang Minh, Nguyen Lam Tung, Olga Chernomor, Heiko Schmidt,
Dominik Schrempf, Michael Woodhams, Ly Trong Nhan, Thomas Wong

Host:    sc-sbs-383386 (AVX512, FMA3, 32 GB RAM)
Command: /Users/mful870/Bioinformatics_Programs/iqtree-2.4.0-macOS/bin/iqtree2 -redo -s crystal.tdialn -m LG+F
Seed:    96902 (Using SPRNG - Scalable Parallel Random Number Generator)
Time:    Fri Jun  6 12:39:35 2025
Kernel:  AVX+FMA - 1 threads (16 CPU cores detected)

HINT: Use -nt option to specify number of threads because your CPU has 16 cores!
HINT: -nt AUTO will automatically determine the best number of threads to use.

Reading alignment file crystal.tdialn ... Fasta format detected
Reading fasta file: done in 9.20296e-05 secs using 68.46% CPU
Alignment most likely contains protein sequences
Alignment has 7 sequences with 100 columns, 61 distinct patterns
12 parsimony-informative, 48 singleton sites, 40 constant sites
WARNING: Some sequence names are changed as follows:
a_38_1_1+1an2_A -> a_38_1_1_1an2_A
a_38_1_1+1mdy_A -> a_38_1_1_1mdy_A
a_38_1_0+5i4z_A -> a_38_1_0_5i4z_A
a_38_1_1+1nlw_A -> a_38_1_1_1nlw_A
a_38_1_1+1am9_A -> a_38_1_1_1am9_A
a_38_1_1+1ukl_C -> a_38_1_1_1ukl_C
a_38_1_1+1a0a_A -> a_38_1_1_1a0a_A

                 Gap/Ambiguity  Composition  p-value
Analyzing sequences: done in 1.09673e-05 secs using 72.94% CPU
   1  a_38_1_1_1an2_A   14.00%    passed     99.83%
   2  a_38_1_1_1mdy_A   32.00%    passed     99.73%
   3  a_38_1_0_5i4z_A   26.00%    passed     99.84%
   4  a_38_1_1_1nlw_A   21.00%    passed     83.19%
   5  a_38_1_1_1am9_A   20.00%    passed     99.98%
   6  a_38_1_1_1ukl_C   39.00%    passed     89.56%
   7  a_38_1_1_1a0a_A   37.00%    failed      0.31%
****  TOTAL             27.00%  1 sequences failed composition chi2 test (p-value<5%; df=19)
WARNING: States(s) N, E, I, K, M, T, W, Y rarely appear in alignment and may cause numerical problems

Create initial parsimony tree by phylogenetic likelihood library (PLL)... 0.000 seconds

NOTE: 0 MB RAM (0 GB) is required!
Estimate model parameters (epsilon = 0.100)
1. Initial log-likelihood: -572.096
Optimal log-likelihood: -540.961
Parameters optimization took 1 rounds (0.001 sec)
Wrote distance file to... 
Computing ML distances based on estimated model parameters...
Calculating distance matrix: done in 0.00138116 secs using 94.63% CPU
Computing ML distances took 0.001568 sec (of wall-clock time) 0.001377 sec (of CPU time)
Setting up auxiliary I and S matrices: done in 4.98295e-05 secs using 66.23% CPU
Computing RapidNJ tree took 0.000199 sec (of wall-clock time) 0.000102 sec (of CPU time)
Log-likelihood of RapidNJ tree: -539.942
--------------------------------------------------------------------
|             INITIALIZING CANDIDATE TREE SET                      |
--------------------------------------------------------------------
Generating 98 parsimony trees... 0.023 second
Computing log-likelihood of 63 initial trees ... 0.021 seconds
Current best score: -539.942

Do NNI search on 20 best initial trees
Estimate model parameters (epsilon = 0.100)
BETTER TREE FOUND at iteration 1: -539.839
Estimate model parameters (epsilon = 0.100)
BETTER TREE FOUND at iteration 2: -539.752
Iteration 10 / LogL: -539.758 / Time: 0h:0m:0s
Iteration 20 / LogL: -539.753 / Time: 0h:0m:0s
Finish initializing candidate tree set (2)
Current best tree score: -539.752 / CPU time: 0.113
Number of iterations: 20
--------------------------------------------------------------------
|               OPTIMIZING CANDIDATE TREE SET                      |
--------------------------------------------------------------------
Iteration 30 / LogL: -539.760 / Time: 0h:0m:0s (0h:0m:0s left)
Iteration 40 / LogL: -539.839 / Time: 0h:0m:0s (0h:0m:0s left)
Iteration 50 / LogL: -539.754 / Time: 0h:0m:0s (0h:0m:0s left)
Iteration 60 / LogL: -539.757 / Time: 0h:0m:0s (0h:0m:0s left)
Iteration 70 / LogL: -540.977 / Time: 0h:0m:0s (0h:0m:0s left)
Iteration 80 / LogL: -539.777 / Time: 0h:0m:0s (0h:0m:0s left)
Iteration 90 / LogL: -539.845 / Time: 0h:0m:0s (0h:0m:0s left)
Iteration 100 / LogL: -539.840 / Time: 0h:0m:0s (0h:0m:0s left)
TREE SEARCH COMPLETED AFTER 103 ITERATIONS / Time: 0h:0m:0s

--------------------------------------------------------------------
|                    FINALIZING TREE SEARCH                        |
--------------------------------------------------------------------
Performs final model parameters optimization
Estimate model parameters (epsilon = 0.010)
1. Initial log-likelihood: -539.752
Optimal log-likelihood: -539.751
Parameters optimization took 1 rounds (0.000 sec)
BEST SCORE FOUND : -539.751
Total tree length: 3.184

Total number of iterations: 103
CPU time used for tree search: 0.494 sec (0h:0m:0s)
Wall-clock time used for tree search: 0.335 sec (0h:0m:0s)
Total CPU time used: 0.517 sec (0h:0m:0s)
Total wall-clock time used: 0.363 sec (0h:0m:0s)

Analysis results written to: 
  IQ-TREE report:                crystal.tdialn.iqtree
  Maximum-likelihood tree:       crystal.tdialn.treefile
  Likelihood distances:          crystal.tdialn.mldist
  Screen log file:               crystal.tdialn.log

Date and Time: Fri Jun  6 12:39:35 2025
