IQ-TREE multicore version 2.4.0 for MacOS Intel 64-bit built Feb  7 2025
Developed by Bui Quang Minh, Nguyen Lam Tung, Olga Chernomor, Heiko Schmidt,
Dominik Schrempf, Michael Woodhams, Ly Trong Nhan, Thomas Wong

Host:    sc-sbs-383386 (AVX512, FMA3, 32 GB RAM)
Command: /Users/mful870/Bioinformatics_Programs/iqtree-2.4.0-macOS/bin/iqtree2 -redo -te /Users/mful870/Desktop/Structuring_Prot_Universe/Prot_Uni_3di_Evaluation/a_35_1/Crystal_Tree/Partition/Treeing/partition_file.nex.treefile -s /Users/mful870/Desktop/Structuring_Prot_Universe/Prot_Uni_3di_Evaluation/a_35_1/Crystal_Tree/Partition/Treeing/Alns --scfl 100 -blfix -m partition_file.nex.best_model.nex --prefix concord
Seed:    21845 (Using SPRNG - Scalable Parallel Random Number Generator)
Time:    Fri Jun  6 13:07:50 2025
Kernel:  AVX+FMA - 1 threads (16 CPU cores detected)

HINT: Use -nt option to specify number of threads because your CPU has 16 cores!
HINT: -nt AUTO will automatically determine the best number of threads to use.

Reading 2 alignment files in directory /Users/mful870/Desktop/Structuring_Prot_Universe/Prot_Uni_3di_Evaluation/a_35_1/Crystal_Tree/Partition/Treeing/Alns
Reading alignment file /Users/mful870/Desktop/Structuring_Prot_Universe/Prot_Uni_3di_Evaluation/a_35_1/Crystal_Tree/Partition/Treeing/Alns/crystal.tdialn ... Fasta format detected
Reading fasta file: done in 0.00022912 secs using 86.85% CPU
Alignment most likely contains protein sequences
Alignment has 32 sequences with 241 columns, 209 distinct patterns
111 parsimony-informative, 70 singleton sites, 60 constant sites
WARNING: Some sequence names are changed as follows:
a_35_1_3+1b0n_A -> a_35_1_3_1b0n_A
a_35_1_3+2ofy_A -> a_35_1_3_2ofy_A
a_35_1_6+2ox6_A -> a_35_1_6_2ox6_A
a_35_1_0+2pij_A -> a_35_1_0_2pij_A
a_35_1_13+2o38_A -> a_35_1_13_2o38_A
a_35_1_2+1d1m_B -> a_35_1_2_1d1m_B
a_35_1_2+2a63_A -> a_35_1_2_2a63_A
a_35_1_0+2xsd_C -> a_35_1_0_2xsd_C
a_35_1_1+1e3o_C -> a_35_1_1_1e3o_C
a_35_1_1+1au7_A -> a_35_1_1_1au7_A
a_35_1_7+1s7e_A -> a_35_1_7_1s7e_A
a_35_1_7+1yse_A -> a_35_1_7_1yse_A
a_35_1_0+3vk0_A -> a_35_1_0_3vk0_A
a_35_1_3+1utx_A -> a_35_1_3_1utx_A
a_35_1_3+1y7y_A -> a_35_1_3_1y7y_A
a_35_1_3+2b5a_A -> a_35_1_3_2b5a_A
a_35_1_0+3clc_A -> a_35_1_0_3clc_A
a_35_1_0+5woq_A -> a_35_1_0_5woq_A
a_35_1_0+2l8n_A -> a_35_1_0_2l8n_A
a_35_1_2+1lli_A -> a_35_1_2_1lli_A
a_35_1_2+3kz3_A -> a_35_1_2_3kz3_A
a_35_1_2+1neq_A -> a_35_1_2_1neq_A
a_35_1_2+1sq8_A -> a_35_1_2_1sq8_A
a_35_1_2+2r63_A -> a_35_1_2_2r63_A
a_35_1_2+1zug_A -> a_35_1_2_1zug_A
a_35_1_2+3jxb_C -> a_35_1_2_3jxb_C
a_35_1_3+2ppx_A -> a_35_1_3_2ppx_A
a_35_1_5+1uxc_A -> a_35_1_5_1uxc_A
a_35_1_3+2icp_A -> a_35_1_3_2icp_A
a_35_1_3+4mct_A -> a_35_1_3_4mct_A
a_35_1_0+2eby_A -> a_35_1_0_2eby_A
a_35_1_2+1rzs_A -> a_35_1_2_1rzs_A

                  Gap/Ambiguity  Composition  p-value
Analyzing sequences: done in 2.09808e-05 secs using 90.56% CPU
   1  a_35_1_3_1b0n_A    57.26%    passed     68.21%
   2  a_35_1_3_2ofy_A    65.98%    passed     61.74%
   3  a_35_1_6_2ox6_A    32.78%    failed      0.02%
   4  a_35_1_0_2pij_A    75.52%    failed      0.00%
   5  a_35_1_13_2o38_A   63.07%    passed     58.12%
   6  a_35_1_2_1d1m_B    73.03%    failed      0.00%
   7  a_35_1_2_2a63_A    72.61%    failed      0.00%
   8  a_35_1_0_2xsd_C    46.89%    passed     43.52%
   9  a_35_1_1_1e3o_C    45.23%    passed     91.65%
  10  a_35_1_1_1au7_A    46.06%    passed     50.10%
  11  a_35_1_7_1s7e_A    39.00%    failed      0.05%
  12  a_35_1_7_1yse_A    63.49%    passed     91.01%
  13  a_35_1_0_3vk0_A    63.07%    passed     80.71%
  14  a_35_1_3_1utx_A    72.61%    passed     64.19%
  15  a_35_1_3_1y7y_A    71.37%    passed     85.13%
  16  a_35_1_3_2b5a_A    68.05%    passed     77.40%
  17  a_35_1_0_3clc_A    68.46%    passed     90.57%
  18  a_35_1_0_5woq_A    66.80%    passed     88.23%
  19  a_35_1_0_2l8n_A    80.50%    passed     65.75%
  20  a_35_1_2_1lli_A    63.07%    passed     85.29%
  21  a_35_1_2_3kz3_A    66.80%    passed     71.87%
  22  a_35_1_2_1neq_A    69.29%    passed     66.10%
  23  a_35_1_2_1sq8_A    73.44%    passed     67.01%
  24  a_35_1_2_2r63_A    73.86%    passed     67.28%
  25  a_35_1_2_1zug_A    70.54%    passed     87.75%
  26  a_35_1_2_3jxb_C    72.20%    passed     95.30%
  27  a_35_1_3_2ppx_A    74.27%    passed     90.32%
  28  a_35_1_5_1uxc_A    79.25%    passed     91.22%
  29  a_35_1_3_2icp_A    63.90%    passed     94.64%
  30  a_35_1_3_4mct_A    61.83%    passed     87.30%
  31  a_35_1_0_2eby_A    57.68%    passed     38.43%
  32  a_35_1_2_1rzs_A    74.69%    passed     98.22%
WARNING: 27 sequences contain more than 50% gaps/ambiguity
****  TOTAL              64.77%  5 sequences failed composition chi2 test (p-value<5%; df=19)
Reading alignment file /Users/mful870/Desktop/Structuring_Prot_Universe/Prot_Uni_3di_Evaluation/a_35_1/Crystal_Tree/Partition/Treeing/Alns/crystal_aa.fa ... Fasta format detected
Reading fasta file: done in 0.000234842 secs using 84.31% CPU
Alignment most likely contains protein sequences
Alignment has 32 sequences with 241 columns, 231 distinct patterns
121 parsimony-informative, 75 singleton sites, 45 constant sites
WARNING: Some sequence names are changed as follows:
a_35_1_3+1b0n_A -> a_35_1_3_1b0n_A
a_35_1_3+2ofy_A -> a_35_1_3_2ofy_A
a_35_1_6+2ox6_A -> a_35_1_6_2ox6_A
a_35_1_0+2pij_A -> a_35_1_0_2pij_A
a_35_1_13+2o38_A -> a_35_1_13_2o38_A
a_35_1_2+1d1m_B -> a_35_1_2_1d1m_B
a_35_1_2+2a63_A -> a_35_1_2_2a63_A
a_35_1_0+2xsd_C -> a_35_1_0_2xsd_C
a_35_1_1+1e3o_C -> a_35_1_1_1e3o_C
a_35_1_1+1au7_A -> a_35_1_1_1au7_A
a_35_1_7+1s7e_A -> a_35_1_7_1s7e_A
a_35_1_7+1yse_A -> a_35_1_7_1yse_A
a_35_1_0+3vk0_A -> a_35_1_0_3vk0_A
a_35_1_3+1utx_A -> a_35_1_3_1utx_A
a_35_1_3+1y7y_A -> a_35_1_3_1y7y_A
a_35_1_3+2b5a_A -> a_35_1_3_2b5a_A
a_35_1_0+3clc_A -> a_35_1_0_3clc_A
a_35_1_0+5woq_A -> a_35_1_0_5woq_A
a_35_1_0+2l8n_A -> a_35_1_0_2l8n_A
a_35_1_2+1lli_A -> a_35_1_2_1lli_A
a_35_1_2+3kz3_A -> a_35_1_2_3kz3_A
a_35_1_2+1neq_A -> a_35_1_2_1neq_A
a_35_1_2+1sq8_A -> a_35_1_2_1sq8_A
a_35_1_2+2r63_A -> a_35_1_2_2r63_A
a_35_1_2+1zug_A -> a_35_1_2_1zug_A
a_35_1_2+3jxb_C -> a_35_1_2_3jxb_C
a_35_1_3+2ppx_A -> a_35_1_3_2ppx_A
a_35_1_5+1uxc_A -> a_35_1_5_1uxc_A
a_35_1_3+2icp_A -> a_35_1_3_2icp_A
a_35_1_3+4mct_A -> a_35_1_3_4mct_A
a_35_1_0+2eby_A -> a_35_1_0_2eby_A
a_35_1_2+1rzs_A -> a_35_1_2_1rzs_A

                  Gap/Ambiguity  Composition  p-value
Analyzing sequences: done in 2.40803e-05 secs using 87.21% CPU
   1  a_35_1_3_1b0n_A    57.26%    passed     58.59%
   2  a_35_1_3_2ofy_A    65.98%    passed      7.78%
   3  a_35_1_6_2ox6_A    32.78%    passed     84.37%
   4  a_35_1_0_2pij_A    75.52%    passed     95.63%
   5  a_35_1_13_2o38_A   63.07%    passed     39.46%
   6  a_35_1_2_1d1m_B    73.03%    passed     94.64%
   7  a_35_1_2_2a63_A    72.61%    passed     88.62%
   8  a_35_1_0_2xsd_C    46.89%    passed     21.81%
   9  a_35_1_1_1e3o_C    45.23%    passed     35.75%
  10  a_35_1_1_1au7_A    46.06%    passed     37.14%
  11  a_35_1_7_1s7e_A    39.00%    passed     46.39%
  12  a_35_1_7_1yse_A    63.49%    passed     93.27%
  13  a_35_1_0_3vk0_A    63.07%    passed     87.89%
  14  a_35_1_3_1utx_A    72.61%    passed     27.11%
  15  a_35_1_3_1y7y_A    71.37%    passed     73.56%
  16  a_35_1_3_2b5a_A    68.05%    passed     58.09%
  17  a_35_1_0_3clc_A    68.46%    passed     20.53%
  18  a_35_1_0_5woq_A    66.80%    passed      8.42%
  19  a_35_1_0_2l8n_A    80.50%    passed     37.53%
  20  a_35_1_2_1lli_A    63.07%    passed     70.79%
  21  a_35_1_2_3kz3_A    66.80%    passed     94.63%
  22  a_35_1_2_1neq_A    69.29%    passed     86.79%
  23  a_35_1_2_1sq8_A    73.44%    passed     41.08%
  24  a_35_1_2_2r63_A    73.86%    passed     86.46%
  25  a_35_1_2_1zug_A    70.54%    passed     86.28%
  26  a_35_1_2_3jxb_C    72.20%    passed     99.46%
  27  a_35_1_3_2ppx_A    74.27%    passed     56.97%
  28  a_35_1_5_1uxc_A    79.25%    passed     38.17%
  29  a_35_1_3_2icp_A    63.90%    passed     89.43%
  30  a_35_1_3_4mct_A    61.83%    passed     86.25%
  31  a_35_1_0_2eby_A    57.68%    passed     37.81%
  32  a_35_1_2_1rzs_A    74.69%    passed     50.26%
WARNING: 27 sequences contain more than 50% gaps/ambiguity
****  TOTAL              64.77%  0 sequences failed composition chi2 test (p-value<5%; df=19)
Reading input tree file /Users/mful870/Desktop/Structuring_Prot_Universe/Prot_Uni_3di_Evaluation/a_35_1/Crystal_Tree/Partition/Treeing/partition_file.nex.treefile ...
WARNING: Default model LG may be under-fitting. Use option '-m TEST' to determine the best-fit model.

NOTE: 2 MB RAM (0 GB) is required!
Estimate model parameters (epsilon = 0.010)
1. Initial log-likelihood: -11876.366
Optimal log-likelihood: -11876.366
Parameters optimization took 1 rounds (0.003 sec)
Wrote distance file to... 
BEST SCORE FOUND : -11876.366
Total tree length: 25.963

Total number of iterations: 0
CPU time used for tree search: 0.000 sec (0h:0m:0s)
Wall-clock time used for tree search: 0.000 sec (0h:0m:0s)
Total CPU time used: 0.011 sec (0h:0m:0s)
Total wall-clock time used: 0.020 sec (0h:0m:0s)
Computing site concordance factor using likelihood...
0.046 sec
Tree with site concordance factors written to concord.cf.tree
Annotated tree (best viewed in FigTree) written to concord.cf.tree.nex
Tree with branch IDs written to concord.cf.branch
Concordance factors per branch printed to concord.cf.stat

Analysis results written to: 
  IQ-TREE report:                concord.iqtree
  Maximum-likelihood tree:       concord.treefile
  Screen log file:               concord.log

Date and Time: Fri Jun  6 13:07:50 2025
