IQ-TREE multicore version 2.4.0 for MacOS Intel 64-bit built Feb  7 2025
Developed by Bui Quang Minh, Nguyen Lam Tung, Olga Chernomor, Heiko Schmidt,
Dominik Schrempf, Michael Woodhams, Ly Trong Nhan, Thomas Wong

Host:    sc-sbs-383386 (AVX512, FMA3, 32 GB RAM)
Command: /Users/mful870/Bioinformatics_Programs/iqtree-2.4.0-macOS/bin/iqtree2 -redo -te /Users/mful870/Desktop/Structuring_Prot_Universe/Prot_Uni_3di_Evaluation/d_120_1/Crystal_Tree/Partition/Treeing/partition_file.nex.treefile -s /Users/mful870/Desktop/Structuring_Prot_Universe/Prot_Uni_3di_Evaluation/d_120_1/Crystal_Tree/Partition/Treeing/Alns --scfl 100 -blfix -m partition_file.nex.best_model.nex --prefix concord
Seed:    175457 (Using SPRNG - Scalable Parallel Random Number Generator)
Time:    Fri Jun  6 12:30:37 2025
Kernel:  AVX+FMA - 1 threads (16 CPU cores detected)

HINT: Use -nt option to specify number of threads because your CPU has 16 cores!
HINT: -nt AUTO will automatically determine the best number of threads to use.

Reading 2 alignment files in directory /Users/mful870/Desktop/Structuring_Prot_Universe/Prot_Uni_3di_Evaluation/d_120_1/Crystal_Tree/Partition/Treeing/Alns
Reading alignment file /Users/mful870/Desktop/Structuring_Prot_Universe/Prot_Uni_3di_Evaluation/d_120_1/Crystal_Tree/Partition/Treeing/Alns/crystal.tdialn ... Fasta format detected
Reading fasta file: done in 0.000153065 secs using 69.91% CPU
Alignment most likely contains protein sequences
Alignment has 15 sequences with 119 columns, 112 distinct patterns
63 parsimony-informative, 39 singleton sites, 17 constant sites
WARNING: Some sequence names are changed as follows:
d_120_1_0+3ks0_A -> d_120_1_0_3ks0_A
d_120_1_0+4b8n_A -> d_120_1_0_4b8n_A
d_120_1_0+3lf5_A -> d_120_1_0_3lf5_A
d_120_1_1+2ibj_A -> d_120_1_1_2ibj_A
d_120_1_0+1x3x_A -> d_120_1_0_1x3x_A
d_120_1_0+2keo_A -> d_120_1_0_2keo_A
d_120_1_1+3ner_A -> d_120_1_1_3ner_A
d_120_1_1+1awp_A -> d_120_1_1_1awp_A
d_120_1_1+2i89_A -> d_120_1_1_2i89_A
d_120_1_1+3ozz_B -> d_120_1_1_3ozz_B
d_120_1_1+1do9_A -> d_120_1_1_1do9_A
d_120_1_1+1hko_A -> d_120_1_1_1hko_A
d_120_1_1+1i87_A -> d_120_1_1_1i87_A
d_120_1_1+1cxy_A -> d_120_1_1_1cxy_A
d_120_1_1+1mj4_A -> d_120_1_1_1mj4_A

                  Gap/Ambiguity  Composition  p-value
Analyzing sequences: done in 1.5974e-05 secs using 75.12% CPU
   1  d_120_1_0_3ks0_A   22.69%    passed     86.80%
   2  d_120_1_0_4b8n_A   33.61%    passed     99.99%
   3  d_120_1_0_3lf5_A   26.89%    passed     97.04%
   4  d_120_1_1_2ibj_A   27.73%    passed     97.54%
   5  d_120_1_0_1x3x_A   31.09%    passed     99.81%
   6  d_120_1_0_2keo_A   22.69%    passed     93.48%
   7  d_120_1_1_3ner_A   24.37%    passed     99.25%
   8  d_120_1_1_1awp_A   27.73%    passed     99.84%
   9  d_120_1_1_2i89_A   24.37%    passed     98.76%
  10  d_120_1_1_3ozz_B   31.09%    passed     99.60%
  11  d_120_1_1_1do9_A   21.01%    passed     93.56%
  12  d_120_1_1_1hko_A   12.61%    passed     83.08%
  13  d_120_1_1_1i87_A   21.01%    failed      0.79%
  14  d_120_1_1_1cxy_A   31.93%    passed     95.51%
  15  d_120_1_1_1mj4_A   33.61%    passed     83.98%
****  TOTAL              26.16%  1 sequences failed composition chi2 test (p-value<5%; df=19)
Reading alignment file /Users/mful870/Desktop/Structuring_Prot_Universe/Prot_Uni_3di_Evaluation/d_120_1/Crystal_Tree/Partition/Treeing/Alns/crystal_aa.fa ... Fasta format detected
Reading fasta file: done in 7.48634e-05 secs using 84.15% CPU
Alignment most likely contains protein sequences
Alignment has 15 sequences with 119 columns, 117 distinct patterns
66 parsimony-informative, 39 singleton sites, 14 constant sites
WARNING: Some sequence names are changed as follows:
d_120_1_0+3ks0_A -> d_120_1_0_3ks0_A
d_120_1_0+4b8n_A -> d_120_1_0_4b8n_A
d_120_1_0+3lf5_A -> d_120_1_0_3lf5_A
d_120_1_1+2ibj_A -> d_120_1_1_2ibj_A
d_120_1_0+1x3x_A -> d_120_1_0_1x3x_A
d_120_1_0+2keo_A -> d_120_1_0_2keo_A
d_120_1_1+3ner_A -> d_120_1_1_3ner_A
d_120_1_1+1awp_A -> d_120_1_1_1awp_A
d_120_1_1+2i89_A -> d_120_1_1_2i89_A
d_120_1_1+3ozz_B -> d_120_1_1_3ozz_B
d_120_1_1+1do9_A -> d_120_1_1_1do9_A
d_120_1_1+1hko_A -> d_120_1_1_1hko_A
d_120_1_1+1i87_A -> d_120_1_1_1i87_A
d_120_1_1+1cxy_A -> d_120_1_1_1cxy_A
d_120_1_1+1mj4_A -> d_120_1_1_1mj4_A

                  Gap/Ambiguity  Composition  p-value
Analyzing sequences: done in 9.05991e-06 secs using 88.3% CPU
   1  d_120_1_0_3ks0_A   22.69%    passed      6.72%
   2  d_120_1_0_4b8n_A   33.61%    passed     69.12%
   3  d_120_1_0_3lf5_A   26.89%    passed     49.57%
   4  d_120_1_1_2ibj_A   27.73%    passed     61.03%
   5  d_120_1_0_1x3x_A   31.09%    passed     25.20%
   6  d_120_1_0_2keo_A   22.69%    passed     66.11%
   7  d_120_1_1_3ner_A   24.37%    passed     94.78%
   8  d_120_1_1_1awp_A   27.73%    passed     98.65%
   9  d_120_1_1_2i89_A   24.37%    passed     97.36%
  10  d_120_1_1_3ozz_B   31.09%    passed     99.98%
  11  d_120_1_1_1do9_A   21.01%    passed     95.80%
  12  d_120_1_1_1hko_A   12.61%    passed     78.09%
  13  d_120_1_1_1i87_A   21.01%    passed     97.16%
  14  d_120_1_1_1cxy_A   31.93%    passed     44.30%
  15  d_120_1_1_1mj4_A   33.61%    passed     87.92%
****  TOTAL              26.16%  0 sequences failed composition chi2 test (p-value<5%; df=19)
Reading input tree file /Users/mful870/Desktop/Structuring_Prot_Universe/Prot_Uni_3di_Evaluation/d_120_1/Crystal_Tree/Partition/Treeing/partition_file.nex.treefile ...
WARNING: Default model LG may be under-fitting. Use option '-m TEST' to determine the best-fit model.

NOTE: 0 MB RAM (0 GB) is required!
Estimate model parameters (epsilon = 0.010)
1. Initial log-likelihood: -4781.461
Optimal log-likelihood: -4781.461
Parameters optimization took 1 rounds (0.001 sec)
Wrote distance file to... 
BEST SCORE FOUND : -4781.461
Total tree length: 6.721

Total number of iterations: 0
CPU time used for tree search: 0.000 sec (0h:0m:0s)
Wall-clock time used for tree search: 0.000 sec (0h:0m:0s)
Total CPU time used: 0.009 sec (0h:0m:0s)
Total wall-clock time used: 0.013 sec (0h:0m:0s)
Computing site concordance factor using likelihood...
0.018 sec
Tree with site concordance factors written to concord.cf.tree
Annotated tree (best viewed in FigTree) written to concord.cf.tree.nex
Tree with branch IDs written to concord.cf.branch
Concordance factors per branch printed to concord.cf.stat

Analysis results written to: 
  IQ-TREE report:                concord.iqtree
  Maximum-likelihood tree:       concord.treefile
  Screen log file:               concord.log

Date and Time: Fri Jun  6 12:30:37 2025
